Component: ARM Compiler 5.06 update 6 (build 750) Tool: armlink [4d35ed]

==============================================================================

Section Cross References

    practica2a.o(prog) refers to practica2a.o(datos) for tabla
    practica2_1.o(prog) refers to practica2_1.o(datos) for tabla


==============================================================================

Image Symbol Table

    Local Symbols

    Symbol Name                              Value     Ov Type        Size  Object(Section)

    practica2.s                              0x00000000   Number         0  practica2_1.o ABSOLUTE
    practica2a.s                             0x00000000   Number         0  practica2a.o ABSOLUTE
    prog                                     0x40000000   Section       40  practica2a.o(prog)
    prog                                     0x40000028   Section      104  practica2_1.o(prog)
    datos                                    0x40000090   Section     2048  practica2a.o(datos)
    tabla                                    0x40000090   Data        2048  practica2a.o(datos)
    datos                                    0x40000890   Section     2048  practica2_1.o(datos)
    tabla                                    0x40000890   Data        2048  practica2_1.o(datos)

    Global Symbols

    Symbol Name                              Value     Ov Type        Size  Object(Section)

    BuildAttributes$$THM_ISAv1$ARM_ISAv4$S$PE$A:L22$X:L11$S22$IEEE1$IW$USESV6$~STKCKD$USESV7$~SHL$OSPACE$EBA8$STANDARDLIB$PRES8$EABIv2 0x00000000   Number         0  anon$$obj.o ABSOLUTE



==============================================================================

Memory Map of the image

  Image entry point : Not specified.

  Load Region LR_IRAM1 (Base: 0x40000000, Size: 0x00001090, Max: 0x00008000, ABSOLUTE)

    Execution Region ER_IRAM1 (Exec base: 0x40000000, Load base: 0x40000000, Size: 0x00001090, Max: 0xffffffff, ABSOLUTE)

    Exec Addr    Load Addr    Size         Type   Attr      Idx    E Section Name        Object

    0x40000000   0x40000000   0x00000028   Code   RO            2  * prog                practica2a.o
    0x40000028   0x40000028   0x00000068   Code   RO            8  * prog                practica2_1.o
    0x40000090   0x40000090   0x00000800   Data   RW            1    datos               practica2a.o
    0x40000890   0x40000890   0x00000800   Data   RW            7    datos               practica2_1.o


==============================================================================

Image component sizes


      Code (inc. data)   RO Data    RW Data    ZI Data      Debug   Object Name

       104          4          0       2048          0        248   practica2_1.o
        40          4          0       2048          0        264   practica2a.o

    ----------------------------------------------------------------------
       144          8          0       4096          0        512   Object Totals
         0          0          0          0          0          0   (incl. Generated)
         0          0          0          0          0          0   (incl. Padding)

    ----------------------------------------------------------------------
         0          0          0          0          0          0   Library Totals
         0          0          0          0          0          0   (incl. Padding)

    ----------------------------------------------------------------------

==============================================================================


      Code (inc. data)   RO Data    RW Data    ZI Data      Debug   

       144          8          0       4096          0        512   Grand Totals
       144          8          0       4096          0        512   ELF Image Totals
       144          8          0       4096          0          0   ROM Totals

==============================================================================

    Total RO  Size (Code + RO Data)                  144 (   0.14kB)
    Total RW  Size (RW Data + ZI Data)              4096 (   4.00kB)
    Total ROM Size (Code + RO Data + RW Data)       4240 (   4.14kB)

==============================================================================

