Active-HDL 15.0.261.9132 2025-04-16 16:58:28

Elaboration top modules:
Architecture                  behavior(testbench)


-------------------------------------------------------------------------------------------------------------------
Entity                   | Architecture | Library         | Info | Compiler Version          | Compilation Options
-------------------------------------------------------------------------------------------------------------------
testbench                | behavior     | proyect1_design |      | 15.0.261.9132 (Windows64) | -O3
AOC2_SoC                 | behavior     | proyect1_design |      | 15.0.261.9132 (Windows64) | -O3
IO_Data_Memory_Subsystem | Behavioral   | proyect1_design |      | 15.0.261.9132 (Windows64) | -O3
MIPs_segmentado          | Behavioral   | proyect1_design |      | 15.0.261.9132 (Windows64) | -O3
RAM_128_32               | Behavioral   | proyect1_design |      | 15.0.261.9132 (Windows64) | -O3
reg                      | behavioral   | proyect1_design |      | 15.0.261.9132 (Windows64) | -O3
counter                  | Behavioral   | proyect1_design |      | 15.0.261.9132 (Windows64) | -O3
adder32                  | Behavioral   | proyect1_design |      | 15.0.261.9132 (Windows64) | -O3
memoriaRAM_I             | Behavioral   | proyect1_design |      | 15.0.261.9132 (Windows64) | -O3
Banco_ID                 | Behavioral   | proyect1_design |      | 15.0.261.9132 (Windows64) | -O3
BReg                     | Behavioral   | proyect1_design |      | 15.0.261.9132 (Windows64) | -O3
Ext_signo                | Behavioral   | proyect1_design |      | 15.0.261.9132 (Windows64) | -O3
two_bits_shifter         | Behavioral   | proyect1_design |      | 15.0.261.9132 (Windows64) | -O3
UC                       | Behavioral   | proyect1_design |      | 15.0.261.9132 (Windows64) | -O3
UD                       | Behavioral   | proyect1_design |      | 15.0.261.9132 (Windows64) | -O3
Banco_EX                 | Behavioral   | proyect1_design |      | 15.0.261.9132 (Windows64) | -O3
UA                       | Behavioral   | proyect1_design |      | 15.0.261.9132 (Windows64) | -O3
mux4_1                   | Behavioral   | proyect1_design |      | 15.0.261.9132 (Windows64) | -O3
mux2_1                   | Behavioral   | proyect1_design |      | 15.0.261.9132 (Windows64) | -O3
ALU                      | Behavioral   | proyect1_design |      | 15.0.261.9132 (Windows64) | -O3
mux2_5bits               | Behavioral   | proyect1_design |      | 15.0.261.9132 (Windows64) | -O3
Banco_MEM                | Behavioral   | proyect1_design |      | 15.0.261.9132 (Windows64) | -O3
Exception_manager        | Behavioral   | proyect1_design |      | 15.0.261.9132 (Windows64) | -O3
Banco_WB                 | Behavioral   | proyect1_design |      | 15.0.261.9132 (Windows64) | -O3
-------------------------------------------------------------------------------------------------------------------

-------------------------------------------------------------------------------------------------------------------
VHDL Package                            | Library         | Info | Compiler Version          | Compilation Options
-------------------------------------------------------------------------------------------------------------------
standard                                | std             |      |                           | <unavailable>
TEXTIO                                  | std             |      | 15.0.261.9132 (Windows64) |  -2019
std_logic_1164                          | ieee            |      | 15.0.261.9132 (Windows64) |  -2008
NUMERIC_STD                             | ieee            |      | 15.0.261.9132 (Windows64) |  -2008
std_logic_arith                         | ieee            |      | 15.0.261.9132 (Windows64) | <unavailable>
STD_LOGIC_UNSIGNED                      | ieee            |      | 15.0.261.9132 (Windows64) | <unavailable>
-------------------------------------------------------------------------------------------------------------------

-------------------------------------------------------------------------------------------------------------------
Library                                 | Comment
-------------------------------------------------------------------------------------------------------------------
ieee                                    | Standard IEEE packages library
proyect1_design                         | None
std                                     | Standard VHDL library
-------------------------------------------------------------------------------------------------------------------


Simulation Options: asim -O5 +access +r +m+testbench testbench behavior


The performance of simulation is reduced. Version Student Edition
