


ARM Macro Assembler    Page 1 


    1 00000000                 AREA             datos, DATA
    2 00000000 FFFFF010 
                       VICIntEnable
                               EQU              0xFFFFF010  ; act. Irqs (solo 1
                                                            ’s)
    3 00000000 FFFFF014 
                       VICIntEnClear
                               EQU              0xFFFFF014  ; desact. IRQs (sol
                                                            o 1’s)
    4 00000000 FFFFF100 
                       VICVectAddr0
                               EQU              0xFFFFF100  ; vector interr. (V
                                                            I)
    5 00000000 FFFFF030 
                       VICVectAddr
                               EQU              0xFFFFF030  ; reg. para EOI
    6 00000000         
    7 00000000 E0010000 
                       RDAT    EQU              0xE0010000  ; reg datos tec (UA
                                                            RT1)
    8 00000000         
    9 00000000 E0028004 
                       IOSET   EQU              0xE0028004  ; GPIO (activar bit
                                                            s)
   10 00000000 E002800C 
                       IOCLR   EQU              0xE002800C  ; GPIO (desactivar 
                                                            bits)
   11 00000000         
   12 00000000 00000000 
                       tecl_so DCD              0           ; var para @RSI_tec
                                                            l_SO
   13 00000004 00000000 
                       terminar
                               DCD              0           ; indicador de term
                                                            inacion
   14 00000008         
   15 00000008         
   16 00000008                 AREA             codigo, CODE
   17 00000000                 EXPORT           inicio      ; enlace con Startu
                                                            p.s
   18 00000000         
   19 00000000         inicio
   20 00000000 E59F00D4        LDR              r0,=VICVectAddr0 ; r0=@VI
   21 00000004 E59F10D4        LDR              r1,=tecl_so ; r1=@tecl_so
   22 00000008 E3A02007        mov              r2,#7       ; r2=7
   23 0000000C E7903102        ldr              r3,[r0,r2,LSL #2] ; r3=VI[7]=@R
                                                            SI_tecl_SO
   24 00000010 E5813000        str              r3,[r1]     ; tecl_so=@RSI_tecl
                                                            _SO
   25 00000014         
   26 00000014 E59F10C8        LDR              r1,=RSI_teclado ; r1=@RSI_tecla
                                                            do mia
   27 00000018 E7801102        str              r1,[r0,r2,LSL #2] ; VI[7]=@RSI_
                                                            teclado mia
   28 0000001C         
   29 0000001C E59F90C4        LDR              r9,=VICIntEnable 
                                                            ; r0=@VicIntEnable
   30 00000020 E3A01080        mov              r1,#2_10000000 ; r1=#2_10000000
                                                            



ARM Macro Assembler    Page 2 


   31 00000024 E5801000        str              r1,[r0]     ; VICIntEnable[7]=1
                                                            
   32 00000028         
   33 00000028 E59F00BC        LDR              r0,=terminar ; r0=@terminar
   34 0000002C E5901000 
                       bucle   ldr              r1,[r0]     ; r1=terminar
   35 00000030 E3510000        cmp              r1,#0       ; if terminar = 0
   36 00000034 0AFFFFFC        beq              bucle       ; salta a bucle
   37 00000038         
   38 00000038 E59F00B0        LDR              r0,=VICIntEnClear 
                                                            ; r0=@VICIntEnClr
   39 0000003C E3A01080        mov              r1,#2_10000000 ; r1=#2_10000000
                                                            
   40 00000040 E5801000        str              r1,[r0]     ; VICIntEnable[7]=0
                                                            
   41 00000044         
   42 00000044 E59F0090        LDR              r0,=VICVectAddr0 ; r0=@VI
   43 00000048 E59F1090        LDR              r1,=tecl_so
   44 0000004C E5911000        ldr              r1,[r1]     ; r1=@RSI_tecl_SO
   45 00000050 E3A02007        mov              r2,#7       ; r2=7
   46 00000054 E7801102        str              r1,[r0,r2,LSL #2] ; VI[7]=@RSI_
                                                            tecl_SO
   47 00000058         
   48 00000058 EAFFFFFE 
                       fin     b                fin         ; fin programa prin
                                                            cipal
   49 0000005C         
   50 0000005C         
   51 0000005C         
   52 0000005C         RSI_teclado                          ; mi RSI teclado po
                                                            r UART1
   53 0000005C E24EE004        sub              lr,lr, #4   ; correccion @ret. 
                                                            (segment.)
   54 00000060 E52DE004        PUSH             {lr}        ; apilar retorno
   55 00000064 E14FE000        mrs              r14,spsr    ; r14=cpsr prog int
                                                            err.
   56 00000068 E52DE004        PUSH             {r14}       ; apilar estado por
                                                            g interr.
   57 0000006C E321F052        msr              cpsr_c,#2_01010010 ; I=0 -> act
                                                            .IRQs (modo IRQ)
   58 00000070         
   59 00000070 E92D0005        PUSH             {r0,R2}     ; apilar registros 
                                                            utilizados
   60 00000074         
   61 00000074 E59F1078        LDR              r1,=RDAT    ; r1=@reg. Datos te
                                                            clado
   62 00000078 E5D10000        ldrb             r0,[r1]     ; r0=codigo ASCII t
                                                            ecla
   63 0000007C         
   64 0000007C E3C00080 
                       Tratam  bic              r0,r0,#2_10000000 
                                                            ; paso a MAYUSCULAS
                                                            
   65 00000080 E3500051        cmp              r0,#81      ; if tecla != 'Q'
   66 00000084 1A000003        bne              sigue       ; salta a sigue
   67 00000088         
   68 00000088 E59F105C        LDR              r1,=terminar ; termianr=1
   69 0000008C E3A00001        mov              r0,#1       ; si se ha pulsado
   70 00000090 E5810000        str              r0,[r1]     ; tecla 'Q'



ARM Macro Assembler    Page 3 


   71 00000094 EA000009        b                fintec
   72 00000098         
   73 00000098 E2400041 
                       sigue   sub              r0,r0,#65   ; r0=numero letra (
                                                            i)
   74 0000009C E3500019        cmp              r0, #25     ; CONTROL 0<=I<=25
   75 000000A0 8A000006        bhi              fintec      ; salta si no es un
                                                            a letra
   76 000000A4 E59F104C        LDR              r1,=IOCLR   ; r1=@IOCLR
   77 000000A8 E3E02000        mvn              r2,#0       ; r2=0xFFFFFFFF
   78 000000AC E5812000        str              r2,[r1]     ; IOSET=0
   79 000000B0 E59F1044        LDR              r1,=IOSET   ; r1=@IOSET
   80 000000B4 E3A02001        mov              r2,#1       ; r2=1
   81 000000B8 E1A02012        mov              r2,r2,LSL r0 ; bit r2[i]=1
   82 000000BC E5812000        str              r2,[r1]     ; bit IOSET[i]=1
   83 000000C0         
   84 000000C0 E8BD0007 
                       fintec  POP              {r0-r2}     ; desapilar registr
                                                            os utilizados
   85 000000C4         
   86 000000C4 E321F0D2        msr              cpsr_c,#2_11010010 ; I=1 -> des
                                                            activar Interr. IRQ
                                                            
   87 000000C8 E49DE004        POP              {r14}       ; desapilar cpsr pr
                                                            og. interrumpido
   88 000000CC E16FF00E        msr              spsr_fsxc,r14 ; spsr_cpsr porg.
                                                             intrrumpido
   89 000000D0 E59FE028        LDR              r14,=VICVectAddr ; EOI r14=@VIC
                                                            VectAddr
   90 000000D4 E58EE000        str              r14,[r14]   ; EOI escribir VICV
                                                            ectAddr
   91 000000D8 E8FD8000        POP              {pc}^       ; retorno al progra
                                                            ma interrumpido
   92 000000DC         
   93 000000DC                 END
              FFFFF100 
              00000000 
              00000000 
              FFFFF010 
              00000000 
              FFFFF014 
              E0010000 
              E002800C 
              E0028004 
              FFFFF030 
Command Line: --debug --xref --diag_suppress=9931 --apcs=interwork --depend=.\o
bjects\pruebateclado.d -o.\objects\pruebateclado.o -IC:\Keil_v5\ARM\RV31\INC -I
C:\Keil_v5\ARM\CMSIS\Include -IC:\Keil_v5\ARM\INC\Philips --predefine="__EVAL S
ETA 1" --predefine="__UVISION_VERSION SETA 526" --list=.\listings\pruebateclado
.lst pruebaTeclado.s



ARM Macro Assembler    Page 1 Alphabetic symbol ordering
Relocatable symbols

datos 00000000

Symbol: datos
   Definitions
      At line 1 in file pruebaTeclado.s
   Uses
      None
Comment: datos unused
tecl_so 00000000

Symbol: tecl_so
   Definitions
      At line 12 in file pruebaTeclado.s
   Uses
      At line 21 in file pruebaTeclado.s
      At line 43 in file pruebaTeclado.s

terminar 00000004

Symbol: terminar
   Definitions
      At line 13 in file pruebaTeclado.s
   Uses
      At line 33 in file pruebaTeclado.s
      At line 68 in file pruebaTeclado.s

3 symbols



ARM Macro Assembler    Page 1 Alphabetic symbol ordering
Relocatable symbols

RSI_teclado 0000005C

Symbol: RSI_teclado
   Definitions
      At line 52 in file pruebaTeclado.s
   Uses
      At line 26 in file pruebaTeclado.s
Comment: RSI_teclado used once
Tratam 0000007C

Symbol: Tratam
   Definitions
      At line 64 in file pruebaTeclado.s
   Uses
      None
Comment: Tratam unused
bucle 0000002C

Symbol: bucle
   Definitions
      At line 34 in file pruebaTeclado.s
   Uses
      At line 36 in file pruebaTeclado.s
Comment: bucle used once
codigo 00000000

Symbol: codigo
   Definitions
      At line 16 in file pruebaTeclado.s
   Uses
      None
Comment: codigo unused
fin 00000058

Symbol: fin
   Definitions
      At line 48 in file pruebaTeclado.s
   Uses
      At line 48 in file pruebaTeclado.s
Comment: fin used once
fintec 000000C0

Symbol: fintec
   Definitions
      At line 84 in file pruebaTeclado.s
   Uses
      At line 71 in file pruebaTeclado.s
      At line 75 in file pruebaTeclado.s

inicio 00000000

Symbol: inicio
   Definitions
      At line 19 in file pruebaTeclado.s
   Uses
      At line 17 in file pruebaTeclado.s
Comment: inicio used once
sigue 00000098




ARM Macro Assembler    Page 2 Alphabetic symbol ordering
Relocatable symbols

Symbol: sigue
   Definitions
      At line 73 in file pruebaTeclado.s
   Uses
      At line 66 in file pruebaTeclado.s
Comment: sigue used once
8 symbols



ARM Macro Assembler    Page 1 Alphabetic symbol ordering
Absolute symbols

IOCLR E002800C

Symbol: IOCLR
   Definitions
      At line 10 in file pruebaTeclado.s
   Uses
      At line 76 in file pruebaTeclado.s
Comment: IOCLR used once
IOSET E0028004

Symbol: IOSET
   Definitions
      At line 9 in file pruebaTeclado.s
   Uses
      At line 79 in file pruebaTeclado.s
Comment: IOSET used once
RDAT E0010000

Symbol: RDAT
   Definitions
      At line 7 in file pruebaTeclado.s
   Uses
      At line 61 in file pruebaTeclado.s
Comment: RDAT used once
VICIntEnClear FFFFF014

Symbol: VICIntEnClear
   Definitions
      At line 3 in file pruebaTeclado.s
   Uses
      At line 38 in file pruebaTeclado.s
Comment: VICIntEnClear used once
VICIntEnable FFFFF010

Symbol: VICIntEnable
   Definitions
      At line 2 in file pruebaTeclado.s
   Uses
      At line 29 in file pruebaTeclado.s
Comment: VICIntEnable used once
VICVectAddr FFFFF030

Symbol: VICVectAddr
   Definitions
      At line 5 in file pruebaTeclado.s
   Uses
      At line 89 in file pruebaTeclado.s
Comment: VICVectAddr used once
VICVectAddr0 FFFFF100

Symbol: VICVectAddr0
   Definitions
      At line 4 in file pruebaTeclado.s
   Uses
      At line 20 in file pruebaTeclado.s
      At line 42 in file pruebaTeclado.s

7 symbols
352 symbols in table
