# ELBREAD: Elaboration process.
# ELBREAD: Elaboration time 0.0 [s].
acom -O3 -e 100 -work practica3_design -2002  $dsn/src/mips_segmentado_practicas_completar_v2.vhd $dsn/src/bits_shifter.vhd $dsn/src/alu.vhd $dsn/src/uc_completar.vhd $dsn/src/counter.vhd $dsn/src/register.vhd $dsn/src/ext_signo.vhd $dsn/src/adder32.vhd $dsn/src/testbench_mips.vhd $dsn/src/mux4_1.vhd $dsn/src/mux2_1.vhd $dsn/src/breg.vhd $dsn/src/mux2_5bits.vhd $dsn/src/banco_wb.vhd $dsn/src/banco_mem.vhd $dsn/src/banco_id.vhd $dsn/src/banco_ex.vhd $dsn/src/RAM_D.vhd $dsn/src/RAM_I_816106-R.vhd $dsn/src/RAM_I_816106.vhd
# Compile Entity "MIPs_segmentado"
# Compile Architecture "Behavioral" of Entity "MIPs_segmentado"
# Compile Entity "two_bits_shifter"
# Compile Architecture "Behavioral" of Entity "two_bits_shifter"
# Compile Entity "ALU"
# Compile Architecture "Behavioral" of Entity "ALU"
# Compile Entity "UC"
# Compile Architecture "Behavioral" of Entity "UC"
# Compile Entity "counter"
# Compile Architecture "Behavioral" of Entity "counter"
# Compile Entity "reg"
# Compile Architecture "behavioral" of Entity "REG"
# Compile Entity "Ext_signo"
# Compile Architecture "Behavioral" of Entity "Ext_signo"
# Compile Entity "adder32"
# Compile Architecture "Behavioral" of Entity "adder32"
# Compile Entity "testbench"
# Compile Architecture "behavior" of Entity "testbench"
# Compile Entity "mux4_1"
# Compile Architecture "Behavioral" of Entity "mux4_1"
# Compile Entity "mux2_1"
# Compile Architecture "Behavioral" of Entity "mux2_1"
# Compile Entity "BReg"
# Compile Architecture "Behavioral" of Entity "BReg"
# Compile Entity "mux2_5bits"
# Compile Architecture "Behavioral" of Entity "mux2_5bits"
# Compile Entity "Banco_WB"
# Compile Architecture "Behavioral" of Entity "Banco_WB"
# Compile Entity "Banco_MEM"
# Compile Architecture "Behavioral" of Entity "Banco_MEM"
# Compile Entity "Banco_ID"
# Compile Architecture "Behavioral" of Entity "Banco_ID"
# Compile Entity "Banco_EX"
# Compile Architecture "Behavioral" of Entity "Banco_EX"
# Compile Entity "Data_Memory_Subsystem"
# Compile Architecture "Behavioral" of Entity "Data_Memory_Subsystem"
# Error: COMP96_0001: Cannot find source file "C:/Users/edu7g/Ingenieria-Informatica/curso2/AOC2/Practicas/Practica3/practica3_active/practica3_design/src/RAM_I_816106-R.vhd".
# Compile Entity "memoriaRAM_I_R"
# Compile Architecture "Behavioral" of Entity "memoriaRAM_I_R"
# Compile failure 1 Errors 0 Warnings  Analysis time :  0.8 [s]
acom -O3 -e 100 -work practica3_design -2002  $dsn/src/mips_segmentado_practicas_completar_v2.vhd $dsn/src/bits_shifter.vhd $dsn/src/alu.vhd $dsn/src/uc_completar.vhd $dsn/src/counter.vhd $dsn/src/register.vhd $dsn/src/ext_signo.vhd $dsn/src/adder32.vhd $dsn/src/testbench_mips.vhd $dsn/src/mux4_1.vhd $dsn/src/mux2_1.vhd $dsn/src/breg.vhd $dsn/src/mux2_5bits.vhd $dsn/src/banco_wb.vhd $dsn/src/banco_mem.vhd $dsn/src/banco_id.vhd $dsn/src/banco_ex.vhd $dsn/src/RAM_D.vhd $dsn/src/RAM_I_816106-R.vhd $dsn/src/RAM_I_816106.vhd
# Compile Entity "MIPs_segmentado"
# Compile Architecture "Behavioral" of Entity "MIPs_segmentado"
# Compile Entity "two_bits_shifter"
# Compile Architecture "Behavioral" of Entity "two_bits_shifter"
# Compile Entity "ALU"
# Compile Architecture "Behavioral" of Entity "ALU"
# Compile Entity "UC"
# Compile Architecture "Behavioral" of Entity "UC"
# Compile Entity "counter"
# Compile Architecture "Behavioral" of Entity "counter"
# Compile Entity "reg"
# Compile Architecture "behavioral" of Entity "REG"
# Compile Entity "Ext_signo"
# Compile Architecture "Behavioral" of Entity "Ext_signo"
# Compile Entity "adder32"
# Compile Architecture "Behavioral" of Entity "adder32"
# Compile Entity "testbench"
# Compile Architecture "behavior" of Entity "testbench"
# Compile Entity "mux4_1"
# Compile Architecture "Behavioral" of Entity "mux4_1"
# Compile Entity "mux2_1"
# Compile Architecture "Behavioral" of Entity "mux2_1"
# Compile Entity "BReg"
# Compile Architecture "Behavioral" of Entity "BReg"
# Compile Entity "mux2_5bits"
# Compile Architecture "Behavioral" of Entity "mux2_5bits"
# Compile Entity "Banco_WB"
# Compile Architecture "Behavioral" of Entity "Banco_WB"
# Compile Entity "Banco_MEM"
# Compile Architecture "Behavioral" of Entity "Banco_MEM"
# Compile Entity "Banco_ID"
# Compile Architecture "Behavioral" of Entity "Banco_ID"
# Compile Entity "Banco_EX"
# Compile Architecture "Behavioral" of Entity "Banco_EX"
# Compile Entity "Data_Memory_Subsystem"
# Compile Architecture "Behavioral" of Entity "Data_Memory_Subsystem"
# Compile Entity "memoriaRAM_I_R"
# Compile Architecture "Behavioral" of Entity "memoriaRAM_I_R"
# Compile Entity "memoriaRAM_I_R"
# Compile Architecture "Behavioral" of Entity "memoriaRAM_I_R"
# Warning: COMP96_0994: RAM_I_816106.vhd : (41, 1): Multiple architecture "Behavioral" of entity "memoriaRAM_I_R" found in "C:/Users/edu7g/Ingenieria-Informatica/curso2/AOC2/Practicas/Practica3/practica3_active/practica3_design/src/RAM_I_816106.vhd", "C:/Users/edu7g/Ingenieria-Informatica/curso2/AOC2/Practicas/Practica3/practica3_active/practica3_design/src/RAM_I_816106-R.vhd".
# Compile success 0 Errors 1 Warnings  Analysis time :  0.8 [s]
acom -O3 -e 100 -work practica3_design -2002  $dsn/src/mips_segmentado_practicas_completar_v2.vhd $dsn/src/bits_shifter.vhd $dsn/src/alu.vhd $dsn/src/uc_completar.vhd $dsn/src/counter.vhd $dsn/src/register.vhd $dsn/src/ext_signo.vhd $dsn/src/adder32.vhd $dsn/src/testbench_mips.vhd $dsn/src/mux4_1.vhd $dsn/src/mux2_1.vhd $dsn/src/breg.vhd $dsn/src/mux2_5bits.vhd $dsn/src/banco_wb.vhd $dsn/src/banco_mem.vhd $dsn/src/banco_id.vhd $dsn/src/banco_ex.vhd $dsn/src/RAM_D.vhd $dsn/src/RAM_I_816106-R.vhd $dsn/src/RAM_I_816106.vhd
# Compile Entity "MIPs_segmentado"
# Compile Architecture "Behavioral" of Entity "MIPs_segmentado"
# Compile Entity "two_bits_shifter"
# Compile Architecture "Behavioral" of Entity "two_bits_shifter"
# Compile Entity "ALU"
# Compile Architecture "Behavioral" of Entity "ALU"
# Compile Entity "UC"
# Compile Architecture "Behavioral" of Entity "UC"
# Compile Entity "counter"
# Compile Architecture "Behavioral" of Entity "counter"
# Compile Entity "reg"
# Compile Architecture "behavioral" of Entity "REG"
# Compile Entity "Ext_signo"
# Compile Architecture "Behavioral" of Entity "Ext_signo"
# Compile Entity "adder32"
# Compile Architecture "Behavioral" of Entity "adder32"
# Compile Entity "testbench"
# Compile Architecture "behavior" of Entity "testbench"
# Compile Entity "mux4_1"
# Compile Architecture "Behavioral" of Entity "mux4_1"
# Compile Entity "mux2_1"
# Compile Architecture "Behavioral" of Entity "mux2_1"
# Compile Entity "BReg"
# Compile Architecture "Behavioral" of Entity "BReg"
# Compile Entity "mux2_5bits"
# Compile Architecture "Behavioral" of Entity "mux2_5bits"
# Compile Entity "Banco_WB"
# Compile Architecture "Behavioral" of Entity "Banco_WB"
# Compile Entity "Banco_MEM"
# Compile Architecture "Behavioral" of Entity "Banco_MEM"
# Compile Entity "Banco_ID"
# Compile Architecture "Behavioral" of Entity "Banco_ID"
# Compile Entity "Banco_EX"
# Compile Architecture "Behavioral" of Entity "Banco_EX"
# Compile Entity "Data_Memory_Subsystem"
# Compile Architecture "Behavioral" of Entity "Data_Memory_Subsystem"
# Compile Entity "memoriaRAM_I_R"
# Compile Architecture "Behavioral" of Entity "memoriaRAM_I_R"
# Compile Entity "memoriaRAM_I"
# Compile Architecture "Behavioral" of Entity "memoriaRAM_I"
# Compile success 0 Errors 0 Warnings  Analysis time :  0.8 [s]
asim -O5 +access +r +m+testbench testbench behavior
# ELBREAD: Elaboration process.
# ELBREAD: Elaboration time 0.0 [s].
# VSIM: Stack memory: 32MB
# VSIM: Retval memory: 32MB
# 
# KERNEL: Main thread initiated.
# KERNEL: Kernel process initialization phase.
# ELAB2: Elaboration final pass...
# ELAB2: Create instances ...
# KERNEL: Time resolution set to 1ps.
# ELAB2: Create instances complete.
# SLP: Started
# SLP: Elaboration phase ...
# SLP: Elaboration phase ... skipped, nothing to simulate in SLP mode : 0.0 [s]
# SLP: Finished : 0.0 [s]
# ELAB2: Elaboration final pass complete - time: 0.0 [s].
# KERNEL: Warning: You are using the Active-HDL Student Edition. The performance of simulation is running at a reduced rate.
# KERNEL: Warning: Contact Aldec for available upgrade options - sales@aldec.com.
# KERNEL: Kernel process initialization done.
# Allocation: Simulator allocated 6669 kB (elbread=427 elab2=6099 kernel=142 sdf=0)
# KERNEL: ASDB file was created in location C:\Users\edu7g\Ingenieria-Informatica\curso2\AOC2\Practicas\Practica3\practica3_active\practica3_design\src\wave.asdb
#  20:23, viernes, 4 de abril de 2025
#  Simulation has been initialized
# VSIM: 1 object(s) traced.
# Waveform file 'untitled.awc' connected to 'C:/Users/edu7g/Ingenieria-Informatica/curso2/AOC2/Practicas/Practica3/practica3_active/practica3_design/src/wave.asdb'.
# VSIM: 1 object(s) traced.
# VSIM: 6 object(s) traced.
# VSIM: 1 object(s) traced.
# VSIM: 10 object(s) traced.
# KERNEL: Warning: KERNEL_0291 Object "/testbench/uut/Mem_D/RAM" has already been traced.
# VSIM: 0 object(s) traced.
# VSIM: 1 object(s) traced.
run @1us
# KERNEL: WARNING: There is an 'U'|'X'|'W'|'Z'|'-' in an arithmetic operand, the result will be 'X'(es).
# KERNEL: Time: 0 ps,  Iteration: 0,  Instance: /testbench/uut/adder_4,  Process: line__42.
# KERNEL: WARNING: CONV_INTEGER: There is an 'U'|'X'|'W'|'Z'|'-' in an arithmetic operand, and it has been converted to 0.
# KERNEL: Time: 0 ps,  Iteration: 0,  Instance: /testbench/uut/Mem_I,  Process: line__128.
# KERNEL: WARNING: CONV_INTEGER: There is an 'U'|'X'|'W'|'Z'|'-' in an arithmetic operand, and it has been converted to 0.
# KERNEL: Time: 0 ps,  Iteration: 0,  Instance: /testbench/uut/INT_Register_bank,  Process: line__74.
# KERNEL: WARNING: CONV_INTEGER: There is an 'U'|'X'|'W'|'Z'|'-' in an arithmetic operand, and it has been converted to 0.
# KERNEL: Time: 0 ps,  Iteration: 0,  Instance: /testbench/uut/INT_Register_bank,  Process: line__76.
# KERNEL: WARNING: There is an 'U'|'X'|'W'|'Z'|'-' in an arithmetic operand, the result will be 'X'(es).
# KERNEL: Time: 0 ps,  Iteration: 0,  Instance: /testbench/uut/adder_dir,  Process: line__42.
# KERNEL: WARNING: There is an 'U'|'X'|'W'|'Z'|'-' in an arithmetic operand, the result will be 'X'(es).
# KERNEL: Time: 0 ps,  Iteration: 0,  Instance: /testbench/uut/ALU_MIPs,  Process: line__43.
# KERNEL: WARNING: There is an 'U'|'X'|'W'|'Z'|'-' in an arithmetic operand, the result will be 'X'(es).
# KERNEL: Time: 0 ps,  Iteration: 0,  Instance: /testbench/uut/ALU_MIPs,  Process: line__43.
# KERNEL: WARNING: There is an 'U'|'X'|'W'|'Z'|'-' in an arithmetic operand, the result will be 'X'(es).
# KERNEL: Time: 0 ps,  Iteration: 0,  Instance: /testbench/uut/ALU_MIPs,  Process: line__43.
# KERNEL: WARNING: There is an 'U'|'X'|'W'|'Z'|'-' in an arithmetic operand, the result will be 'X'(es).
# KERNEL: Time: 0 ps,  Iteration: 0,  Instance: /testbench/uut/ALU_MIPs,  Process: line__43.
# KERNEL: WARNING: There is an 'U'|'X'|'W'|'Z'|'-' in an arithmetic operand, the result will be 'X'(es).
# KERNEL: Time: 0 ps,  Iteration: 1,  Instance: /testbench/uut/adder_dir,  Process: line__42.
# KERNEL: WARNING: CONV_INTEGER: There is an 'U'|'X'|'W'|'Z'|'-' in an arithmetic operand, and it has been converted to 0.
# KERNEL: Time: 0 ps,  Iteration: 2,  Instance: /testbench/uut/INT_Register_bank,  Process: line__74.
# KERNEL: WARNING: CONV_INTEGER: There is an 'U'|'X'|'W'|'Z'|'-' in an arithmetic operand, and it has been converted to 0.
# KERNEL: Time: 0 ps,  Iteration: 2,  Instance: /testbench/uut/INT_Register_bank,  Process: line__76.
# KERNEL: WARNING: There is an 'U'|'X'|'W'|'Z'|'-' in an arithmetic operand, the result will be 'X'(es).
# KERNEL: Time: 0 ps,  Iteration: 2,  Instance: /testbench/uut/adder_dir,  Process: line__42.
# KERNEL: WARNING: There is an 'U'|'X'|'W'|'Z'|'-' in an arithmetic operand, the result will be 'X'(es).
# KERNEL: Time: 5 ns,  Iteration: 2,  Instance: /testbench/uut/ALU_MIPs,  Process: line__43.
# KERNEL: WARNING: There is an 'U'|'X'|'W'|'Z'|'-' in an arithmetic operand, the result will be 'X'(es).
# KERNEL: Time: 5 ns,  Iteration: 2,  Instance: /testbench/uut/adder_dir,  Process: line__42.
# EXECUTION:: NOTE   : Simulation time : 60000 ps.  Data written: 28, in Reg = 1
# EXECUTION:: Time: 60 ns,  Iteration: 1,  Instance: /testbench/uut/INT_Register_bank,  Process: line__55.
# EXECUTION:: NOTE   : Simulation time : 70000 ps.  Data written: 48, in Reg = 2
# EXECUTION:: Time: 70 ns,  Iteration: 1,  Instance: /testbench/uut/INT_Register_bank,  Process: line__55.
# EXECUTION:: NOTE   : Simulation time : 80000 ps.  Data written: 4, in Reg = 3
# EXECUTION:: Time: 80 ns,  Iteration: 1,  Instance: /testbench/uut/INT_Register_bank,  Process: line__55.
# EXECUTION:: NOTE   : Simulation time : 110000 ps.  Data written: 52, in Reg = 2
# EXECUTION:: Time: 110 ns,  Iteration: 1,  Instance: /testbench/uut/INT_Register_bank,  Process: line__55.
# EXECUTION:: NOTE   : Simulation time : 120000 ps.  Data written: 28, in Reg = 4
# EXECUTION:: Time: 120 ns,  Iteration: 1,  Instance: /testbench/uut/INT_Register_bank,  Process: line__55.
# EXECUTION:: NOTE   : Simulation time : 140000 ps.  Data written: 800000, in Reg = 5
# EXECUTION:: Time: 140 ns,  Iteration: 1,  Instance: /testbench/uut/INT_Register_bank,  Process: line__55.
# EXECUTION:: NOTE   : Simulation time : 170000 ps.  Data written: 800000, in Reg = 6
# EXECUTION:: Time: 170 ns,  Iteration: 1,  Instance: /testbench/uut/INT_Register_bank,  Process: line__55.
# EXECUTION:: NOTE   : Simulation time : 180000 ps.  Data written: 32, in Reg = 1
# EXECUTION:: Time: 180 ns,  Iteration: 1,  Instance: /testbench/uut/INT_Register_bank,  Process: line__55.
# EXECUTION:: NOTE   : Simulation time : 260000 ps.  Data written: 10000, in Reg = 5
# EXECUTION:: Time: 260 ns,  Iteration: 1,  Instance: /testbench/uut/INT_Register_bank,  Process: line__55.
# EXECUTION:: NOTE   : Simulation time : 290000 ps.  Data written: 810000, in Reg = 6
# EXECUTION:: Time: 290 ns,  Iteration: 1,  Instance: /testbench/uut/INT_Register_bank,  Process: line__55.
# EXECUTION:: NOTE   : Simulation time : 300000 ps.  Data written: 36, in Reg = 1
# EXECUTION:: Time: 300 ns,  Iteration: 1,  Instance: /testbench/uut/INT_Register_bank,  Process: line__55.
# EXECUTION:: NOTE   : Simulation time : 380000 ps.  Data written: 6000, in Reg = 5
# EXECUTION:: Time: 380 ns,  Iteration: 1,  Instance: /testbench/uut/INT_Register_bank,  Process: line__55.
# EXECUTION:: NOTE   : Simulation time : 410000 ps.  Data written: 816000, in Reg = 6
# EXECUTION:: Time: 410 ns,  Iteration: 1,  Instance: /testbench/uut/INT_Register_bank,  Process: line__55.
# EXECUTION:: NOTE   : Simulation time : 420000 ps.  Data written: 40, in Reg = 1
# EXECUTION:: Time: 420 ns,  Iteration: 1,  Instance: /testbench/uut/INT_Register_bank,  Process: line__55.
# EXECUTION:: NOTE   : Simulation time : 500000 ps.  Data written: 100, in Reg = 5
# EXECUTION:: Time: 500 ns,  Iteration: 1,  Instance: /testbench/uut/INT_Register_bank,  Process: line__55.
# EXECUTION:: NOTE   : Simulation time : 530000 ps.  Data written: 816100, in Reg = 6
# EXECUTION:: Time: 530 ns,  Iteration: 1,  Instance: /testbench/uut/INT_Register_bank,  Process: line__55.
# EXECUTION:: NOTE   : Simulation time : 540000 ps.  Data written: 44, in Reg = 1
# EXECUTION:: Time: 540 ns,  Iteration: 1,  Instance: /testbench/uut/INT_Register_bank,  Process: line__55.
# EXECUTION:: NOTE   : Simulation time : 620000 ps.  Data written: 0, in Reg = 5
# EXECUTION:: Time: 620 ns,  Iteration: 1,  Instance: /testbench/uut/INT_Register_bank,  Process: line__55.
# EXECUTION:: NOTE   : Simulation time : 650000 ps.  Data written: 816100, in Reg = 6
# EXECUTION:: Time: 650 ns,  Iteration: 1,  Instance: /testbench/uut/INT_Register_bank,  Process: line__55.
# EXECUTION:: NOTE   : Simulation time : 660000 ps.  Data written: 48, in Reg = 1
# EXECUTION:: Time: 660 ns,  Iteration: 1,  Instance: /testbench/uut/INT_Register_bank,  Process: line__55.
# EXECUTION:: NOTE   : Simulation time : 740000 ps.  Data written: 6, in Reg = 5
# EXECUTION:: Time: 740 ns,  Iteration: 1,  Instance: /testbench/uut/INT_Register_bank,  Process: line__55.
# EXECUTION:: NOTE   : Simulation time : 770000 ps.  Data written: 816106, in Reg = 6
# EXECUTION:: Time: 770 ns,  Iteration: 1,  Instance: /testbench/uut/INT_Register_bank,  Process: line__55.
# EXECUTION:: NOTE   : Simulation time : 780000 ps.  Data written: 52, in Reg = 1
# EXECUTION:: Time: 780 ns,  Iteration: 1,  Instance: /testbench/uut/INT_Register_bank,  Process: line__55.
# EXECUTION:: NOTE   : Simulation time : 825000 ps.  Data written: 816106, in ADDR = 0
# EXECUTION:: Time: 825 ns,  Iteration: 1,  Instance: /testbench/uut/Mem_D,  Process: line__80.
# EXECUTION:: NOTE   : Simulation time : 840000 ps.  Data written: 84, in Reg = 0
# EXECUTION:: Time: 840 ns,  Iteration: 1,  Instance: /testbench/uut/INT_Register_bank,  Process: line__55.
# EXECUTION:: NOTE   : Simulation time : 860000 ps.  Data written: 84, in Reg = 0
# EXECUTION:: Time: 860 ns,  Iteration: 1,  Instance: /testbench/uut/INT_Register_bank,  Process: line__55.
# EXECUTION:: NOTE   : Simulation time : 880000 ps.  Data written: 84, in Reg = 0
# EXECUTION:: Time: 880 ns,  Iteration: 1,  Instance: /testbench/uut/INT_Register_bank,  Process: line__55.
# EXECUTION:: NOTE   : Simulation time : 900000 ps.  Data written: 84, in Reg = 0
# EXECUTION:: Time: 900 ns,  Iteration: 1,  Instance: /testbench/uut/INT_Register_bank,  Process: line__55.
# EXECUTION:: NOTE   : Simulation time : 920000 ps.  Data written: 84, in Reg = 0
# EXECUTION:: Time: 920 ns,  Iteration: 1,  Instance: /testbench/uut/INT_Register_bank,  Process: line__55.
# EXECUTION:: NOTE   : Simulation time : 940000 ps.  Data written: 84, in Reg = 0
# EXECUTION:: Time: 940 ns,  Iteration: 1,  Instance: /testbench/uut/INT_Register_bank,  Process: line__55.
# EXECUTION:: NOTE   : Simulation time : 960000 ps.  Data written: 84, in Reg = 0
# EXECUTION:: Time: 960 ns,  Iteration: 1,  Instance: /testbench/uut/INT_Register_bank,  Process: line__55.
# EXECUTION:: NOTE   : Simulation time : 980000 ps.  Data written: 84, in Reg = 0
# EXECUTION:: Time: 980 ns,  Iteration: 1,  Instance: /testbench/uut/INT_Register_bank,  Process: line__55.
# EXECUTION:: NOTE   : Simulation time : 1000000 ps.  Data written: 84, in Reg = 0
# EXECUTION:: Time: 1 us,  Iteration: 1,  Instance: /testbench/uut/INT_Register_bank,  Process: line__55.
# KERNEL: stopped at time: 1 us
# VSIM: 1 object(s) traced.
endsim
# VSIM: Simulation has finished.
asim -O5 +access +r +m+testbench testbench behavior
# ELBREAD: Elaboration process.
# ELBREAD: Elaboration time 0.0 [s].
# VSIM: Stack memory: 32MB
# VSIM: Retval memory: 32MB
# 
# KERNEL: Main thread initiated.
# KERNEL: Kernel process initialization phase.
# ELAB2: Elaboration final pass...
# ELAB2: Create instances ...
# KERNEL: Time resolution set to 1ps.
# ELAB2: Create instances complete.
# SLP: Started
# SLP: Elaboration phase ...
# SLP: Elaboration phase ... skipped, nothing to simulate in SLP mode : 0.0 [s]
# SLP: Finished : 0.0 [s]
# ELAB2: Elaboration final pass complete - time: 0.0 [s].
# KERNEL: Warning: You are using the Active-HDL Student Edition. The performance of simulation is running at a reduced rate.
# KERNEL: Warning: Contact Aldec for available upgrade options - sales@aldec.com.
# KERNEL: Kernel process initialization done.
# Allocation: Simulator allocated 6669 kB (elbread=427 elab2=6099 kernel=142 sdf=0)
# KERNEL: ASDB file was created in location C:\Users\edu7g\Ingenieria-Informatica\curso2\AOC2\Practicas\Practica3\practica3_active\practica3_design\src\wave.asdb
#  20:24, viernes, 4 de abril de 2025
#  Simulation has been initialized
# Waveform file 'untitled.awc' connected to 'C:/Users/edu7g/Ingenieria-Informatica/curso2/AOC2/Practicas/Practica3/practica3_active/practica3_design/src/wave.asdb'.
run 1000 ns
# KERNEL: WARNING: There is an 'U'|'X'|'W'|'Z'|'-' in an arithmetic operand, the result will be 'X'(es).
# KERNEL: Time: 0 ps,  Iteration: 0,  Instance: /testbench/uut/adder_4,  Process: line__42.
# KERNEL: WARNING: CONV_INTEGER: There is an 'U'|'X'|'W'|'Z'|'-' in an arithmetic operand, and it has been converted to 0.
# KERNEL: Time: 0 ps,  Iteration: 0,  Instance: /testbench/uut/Mem_I,  Process: line__128.
# KERNEL: WARNING: CONV_INTEGER: There is an 'U'|'X'|'W'|'Z'|'-' in an arithmetic operand, and it has been converted to 0.
# KERNEL: Time: 0 ps,  Iteration: 0,  Instance: /testbench/uut/INT_Register_bank,  Process: line__74.
# KERNEL: WARNING: CONV_INTEGER: There is an 'U'|'X'|'W'|'Z'|'-' in an arithmetic operand, and it has been converted to 0.
# KERNEL: Time: 0 ps,  Iteration: 0,  Instance: /testbench/uut/INT_Register_bank,  Process: line__76.
# KERNEL: WARNING: There is an 'U'|'X'|'W'|'Z'|'-' in an arithmetic operand, the result will be 'X'(es).
# KERNEL: Time: 0 ps,  Iteration: 0,  Instance: /testbench/uut/adder_dir,  Process: line__42.
# KERNEL: WARNING: There is an 'U'|'X'|'W'|'Z'|'-' in an arithmetic operand, the result will be 'X'(es).
# KERNEL: Time: 0 ps,  Iteration: 0,  Instance: /testbench/uut/ALU_MIPs,  Process: line__43.
# KERNEL: WARNING: There is an 'U'|'X'|'W'|'Z'|'-' in an arithmetic operand, the result will be 'X'(es).
# KERNEL: Time: 0 ps,  Iteration: 0,  Instance: /testbench/uut/ALU_MIPs,  Process: line__43.
# KERNEL: WARNING: There is an 'U'|'X'|'W'|'Z'|'-' in an arithmetic operand, the result will be 'X'(es).
# KERNEL: Time: 0 ps,  Iteration: 0,  Instance: /testbench/uut/ALU_MIPs,  Process: line__43.
# KERNEL: WARNING: There is an 'U'|'X'|'W'|'Z'|'-' in an arithmetic operand, the result will be 'X'(es).
# KERNEL: Time: 0 ps,  Iteration: 0,  Instance: /testbench/uut/ALU_MIPs,  Process: line__43.
# KERNEL: WARNING: There is an 'U'|'X'|'W'|'Z'|'-' in an arithmetic operand, the result will be 'X'(es).
# KERNEL: Time: 0 ps,  Iteration: 1,  Instance: /testbench/uut/adder_dir,  Process: line__42.
# KERNEL: WARNING: CONV_INTEGER: There is an 'U'|'X'|'W'|'Z'|'-' in an arithmetic operand, and it has been converted to 0.
# KERNEL: Time: 0 ps,  Iteration: 2,  Instance: /testbench/uut/INT_Register_bank,  Process: line__74.
# KERNEL: WARNING: CONV_INTEGER: There is an 'U'|'X'|'W'|'Z'|'-' in an arithmetic operand, and it has been converted to 0.
# KERNEL: Time: 0 ps,  Iteration: 2,  Instance: /testbench/uut/INT_Register_bank,  Process: line__76.
# KERNEL: WARNING: There is an 'U'|'X'|'W'|'Z'|'-' in an arithmetic operand, the result will be 'X'(es).
# KERNEL: Time: 0 ps,  Iteration: 2,  Instance: /testbench/uut/adder_dir,  Process: line__42.
# KERNEL: WARNING: There is an 'U'|'X'|'W'|'Z'|'-' in an arithmetic operand, the result will be 'X'(es).
# KERNEL: Time: 5 ns,  Iteration: 2,  Instance: /testbench/uut/ALU_MIPs,  Process: line__43.
# KERNEL: WARNING: There is an 'U'|'X'|'W'|'Z'|'-' in an arithmetic operand, the result will be 'X'(es).
# KERNEL: Time: 5 ns,  Iteration: 2,  Instance: /testbench/uut/adder_dir,  Process: line__42.
# EXECUTION:: NOTE   : Simulation time : 60000 ps.  Data written: 28, in Reg = 1
# EXECUTION:: Time: 60 ns,  Iteration: 1,  Instance: /testbench/uut/INT_Register_bank,  Process: line__55.
# EXECUTION:: NOTE   : Simulation time : 70000 ps.  Data written: 48, in Reg = 2
# EXECUTION:: Time: 70 ns,  Iteration: 1,  Instance: /testbench/uut/INT_Register_bank,  Process: line__55.
# EXECUTION:: NOTE   : Simulation time : 80000 ps.  Data written: 4, in Reg = 3
# EXECUTION:: Time: 80 ns,  Iteration: 1,  Instance: /testbench/uut/INT_Register_bank,  Process: line__55.
# EXECUTION:: NOTE   : Simulation time : 110000 ps.  Data written: 52, in Reg = 2
# EXECUTION:: Time: 110 ns,  Iteration: 1,  Instance: /testbench/uut/INT_Register_bank,  Process: line__55.
# EXECUTION:: NOTE   : Simulation time : 120000 ps.  Data written: 28, in Reg = 4
# EXECUTION:: Time: 120 ns,  Iteration: 1,  Instance: /testbench/uut/INT_Register_bank,  Process: line__55.
# EXECUTION:: NOTE   : Simulation time : 140000 ps.  Data written: 800000, in Reg = 5
# EXECUTION:: Time: 140 ns,  Iteration: 1,  Instance: /testbench/uut/INT_Register_bank,  Process: line__55.
# EXECUTION:: NOTE   : Simulation time : 170000 ps.  Data written: 800000, in Reg = 6
# EXECUTION:: Time: 170 ns,  Iteration: 1,  Instance: /testbench/uut/INT_Register_bank,  Process: line__55.
# EXECUTION:: NOTE   : Simulation time : 180000 ps.  Data written: 32, in Reg = 1
# EXECUTION:: Time: 180 ns,  Iteration: 1,  Instance: /testbench/uut/INT_Register_bank,  Process: line__55.
# EXECUTION:: NOTE   : Simulation time : 260000 ps.  Data written: 10000, in Reg = 5
# EXECUTION:: Time: 260 ns,  Iteration: 1,  Instance: /testbench/uut/INT_Register_bank,  Process: line__55.
# EXECUTION:: NOTE   : Simulation time : 290000 ps.  Data written: 810000, in Reg = 6
# EXECUTION:: Time: 290 ns,  Iteration: 1,  Instance: /testbench/uut/INT_Register_bank,  Process: line__55.
# EXECUTION:: NOTE   : Simulation time : 300000 ps.  Data written: 36, in Reg = 1
# EXECUTION:: Time: 300 ns,  Iteration: 1,  Instance: /testbench/uut/INT_Register_bank,  Process: line__55.
# EXECUTION:: NOTE   : Simulation time : 380000 ps.  Data written: 6000, in Reg = 5
# EXECUTION:: Time: 380 ns,  Iteration: 1,  Instance: /testbench/uut/INT_Register_bank,  Process: line__55.
# EXECUTION:: NOTE   : Simulation time : 410000 ps.  Data written: 816000, in Reg = 6
# EXECUTION:: Time: 410 ns,  Iteration: 1,  Instance: /testbench/uut/INT_Register_bank,  Process: line__55.
# EXECUTION:: NOTE   : Simulation time : 420000 ps.  Data written: 40, in Reg = 1
# EXECUTION:: Time: 420 ns,  Iteration: 1,  Instance: /testbench/uut/INT_Register_bank,  Process: line__55.
# EXECUTION:: NOTE   : Simulation time : 500000 ps.  Data written: 100, in Reg = 5
# EXECUTION:: Time: 500 ns,  Iteration: 1,  Instance: /testbench/uut/INT_Register_bank,  Process: line__55.
# EXECUTION:: NOTE   : Simulation time : 530000 ps.  Data written: 816100, in Reg = 6
# EXECUTION:: Time: 530 ns,  Iteration: 1,  Instance: /testbench/uut/INT_Register_bank,  Process: line__55.
# EXECUTION:: NOTE   : Simulation time : 540000 ps.  Data written: 44, in Reg = 1
# EXECUTION:: Time: 540 ns,  Iteration: 1,  Instance: /testbench/uut/INT_Register_bank,  Process: line__55.
# EXECUTION:: NOTE   : Simulation time : 620000 ps.  Data written: 0, in Reg = 5
# EXECUTION:: Time: 620 ns,  Iteration: 1,  Instance: /testbench/uut/INT_Register_bank,  Process: line__55.
# EXECUTION:: NOTE   : Simulation time : 650000 ps.  Data written: 816100, in Reg = 6
# EXECUTION:: Time: 650 ns,  Iteration: 1,  Instance: /testbench/uut/INT_Register_bank,  Process: line__55.
# EXECUTION:: NOTE   : Simulation time : 660000 ps.  Data written: 48, in Reg = 1
# EXECUTION:: Time: 660 ns,  Iteration: 1,  Instance: /testbench/uut/INT_Register_bank,  Process: line__55.
# EXECUTION:: NOTE   : Simulation time : 740000 ps.  Data written: 6, in Reg = 5
# EXECUTION:: Time: 740 ns,  Iteration: 1,  Instance: /testbench/uut/INT_Register_bank,  Process: line__55.
# EXECUTION:: NOTE   : Simulation time : 770000 ps.  Data written: 816106, in Reg = 6
# EXECUTION:: Time: 770 ns,  Iteration: 1,  Instance: /testbench/uut/INT_Register_bank,  Process: line__55.
# EXECUTION:: NOTE   : Simulation time : 780000 ps.  Data written: 52, in Reg = 1
# EXECUTION:: Time: 780 ns,  Iteration: 1,  Instance: /testbench/uut/INT_Register_bank,  Process: line__55.
# EXECUTION:: NOTE   : Simulation time : 825000 ps.  Data written: 816106, in ADDR = 0
# EXECUTION:: Time: 825 ns,  Iteration: 1,  Instance: /testbench/uut/Mem_D,  Process: line__80.
# EXECUTION:: NOTE   : Simulation time : 840000 ps.  Data written: 84, in Reg = 0
# EXECUTION:: Time: 840 ns,  Iteration: 1,  Instance: /testbench/uut/INT_Register_bank,  Process: line__55.
# EXECUTION:: NOTE   : Simulation time : 860000 ps.  Data written: 84, in Reg = 0
# EXECUTION:: Time: 860 ns,  Iteration: 1,  Instance: /testbench/uut/INT_Register_bank,  Process: line__55.
# EXECUTION:: NOTE   : Simulation time : 880000 ps.  Data written: 84, in Reg = 0
# EXECUTION:: Time: 880 ns,  Iteration: 1,  Instance: /testbench/uut/INT_Register_bank,  Process: line__55.
# EXECUTION:: NOTE   : Simulation time : 900000 ps.  Data written: 84, in Reg = 0
# EXECUTION:: Time: 900 ns,  Iteration: 1,  Instance: /testbench/uut/INT_Register_bank,  Process: line__55.
# EXECUTION:: NOTE   : Simulation time : 920000 ps.  Data written: 84, in Reg = 0
# EXECUTION:: Time: 920 ns,  Iteration: 1,  Instance: /testbench/uut/INT_Register_bank,  Process: line__55.
# EXECUTION:: NOTE   : Simulation time : 940000 ps.  Data written: 84, in Reg = 0
# EXECUTION:: Time: 940 ns,  Iteration: 1,  Instance: /testbench/uut/INT_Register_bank,  Process: line__55.
# EXECUTION:: NOTE   : Simulation time : 960000 ps.  Data written: 84, in Reg = 0
# EXECUTION:: Time: 960 ns,  Iteration: 1,  Instance: /testbench/uut/INT_Register_bank,  Process: line__55.
# EXECUTION:: NOTE   : Simulation time : 980000 ps.  Data written: 84, in Reg = 0
# EXECUTION:: Time: 980 ns,  Iteration: 1,  Instance: /testbench/uut/INT_Register_bank,  Process: line__55.
# EXECUTION:: NOTE   : Simulation time : 1000000 ps.  Data written: 84, in Reg = 0
# EXECUTION:: Time: 1 us,  Iteration: 1,  Instance: /testbench/uut/INT_Register_bank,  Process: line__55.
# KERNEL: stopped at time: 1 us
endsim
# VSIM: Simulation has finished.
asim -O5 +access +r +m+testbench testbench behavior
# ELBREAD: Elaboration process.
# ELBREAD: Elaboration time 0.0 [s].
# VSIM: Stack memory: 32MB
# VSIM: Retval memory: 32MB
# 
# KERNEL: Main thread initiated.
# KERNEL: Kernel process initialization phase.
# ELAB2: Elaboration final pass...
# ELAB2: Create instances ...
# KERNEL: Time resolution set to 1ps.
# ELAB2: Create instances complete.
# SLP: Started
# SLP: Elaboration phase ...
# SLP: Elaboration phase ... skipped, nothing to simulate in SLP mode : 0.0 [s]
# SLP: Finished : 0.0 [s]
# ELAB2: Elaboration final pass complete - time: 0.0 [s].
# KERNEL: Warning: You are using the Active-HDL Student Edition. The performance of simulation is running at a reduced rate.
# KERNEL: Warning: Contact Aldec for available upgrade options - sales@aldec.com.
# KERNEL: Kernel process initialization done.
# Allocation: Simulator allocated 6669 kB (elbread=427 elab2=6099 kernel=142 sdf=0)
# KERNEL: ASDB file was created in location C:\Users\edu7g\Ingenieria-Informatica\curso2\AOC2\Practicas\Practica3\practica3_active\practica3_design\src\wave.asdb
#  20:24, viernes, 4 de abril de 2025
#  Simulation has been initialized
# Waveform file 'untitled.awc' connected to 'C:/Users/edu7g/Ingenieria-Informatica/curso2/AOC2/Practicas/Practica3/practica3_active/practica3_design/src/wave.asdb'.
run @1us
# KERNEL: WARNING: There is an 'U'|'X'|'W'|'Z'|'-' in an arithmetic operand, the result will be 'X'(es).
# KERNEL: Time: 0 ps,  Iteration: 0,  Instance: /testbench/uut/adder_4,  Process: line__42.
# KERNEL: WARNING: CONV_INTEGER: There is an 'U'|'X'|'W'|'Z'|'-' in an arithmetic operand, and it has been converted to 0.
# KERNEL: Time: 0 ps,  Iteration: 0,  Instance: /testbench/uut/Mem_I,  Process: line__128.
# KERNEL: WARNING: CONV_INTEGER: There is an 'U'|'X'|'W'|'Z'|'-' in an arithmetic operand, and it has been converted to 0.
# KERNEL: Time: 0 ps,  Iteration: 0,  Instance: /testbench/uut/INT_Register_bank,  Process: line__74.
# KERNEL: WARNING: CONV_INTEGER: There is an 'U'|'X'|'W'|'Z'|'-' in an arithmetic operand, and it has been converted to 0.
# KERNEL: Time: 0 ps,  Iteration: 0,  Instance: /testbench/uut/INT_Register_bank,  Process: line__76.
# KERNEL: WARNING: There is an 'U'|'X'|'W'|'Z'|'-' in an arithmetic operand, the result will be 'X'(es).
# KERNEL: Time: 0 ps,  Iteration: 0,  Instance: /testbench/uut/adder_dir,  Process: line__42.
# KERNEL: WARNING: There is an 'U'|'X'|'W'|'Z'|'-' in an arithmetic operand, the result will be 'X'(es).
# KERNEL: Time: 0 ps,  Iteration: 0,  Instance: /testbench/uut/ALU_MIPs,  Process: line__43.
# KERNEL: WARNING: There is an 'U'|'X'|'W'|'Z'|'-' in an arithmetic operand, the result will be 'X'(es).
# KERNEL: Time: 0 ps,  Iteration: 0,  Instance: /testbench/uut/ALU_MIPs,  Process: line__43.
# KERNEL: WARNING: There is an 'U'|'X'|'W'|'Z'|'-' in an arithmetic operand, the result will be 'X'(es).
# KERNEL: Time: 0 ps,  Iteration: 0,  Instance: /testbench/uut/ALU_MIPs,  Process: line__43.
# KERNEL: WARNING: There is an 'U'|'X'|'W'|'Z'|'-' in an arithmetic operand, the result will be 'X'(es).
# KERNEL: Time: 0 ps,  Iteration: 0,  Instance: /testbench/uut/ALU_MIPs,  Process: line__43.
# KERNEL: WARNING: There is an 'U'|'X'|'W'|'Z'|'-' in an arithmetic operand, the result will be 'X'(es).
# KERNEL: Time: 0 ps,  Iteration: 1,  Instance: /testbench/uut/adder_dir,  Process: line__42.
# KERNEL: WARNING: CONV_INTEGER: There is an 'U'|'X'|'W'|'Z'|'-' in an arithmetic operand, and it has been converted to 0.
# KERNEL: Time: 0 ps,  Iteration: 2,  Instance: /testbench/uut/INT_Register_bank,  Process: line__74.
# KERNEL: WARNING: CONV_INTEGER: There is an 'U'|'X'|'W'|'Z'|'-' in an arithmetic operand, and it has been converted to 0.
# KERNEL: Time: 0 ps,  Iteration: 2,  Instance: /testbench/uut/INT_Register_bank,  Process: line__76.
# KERNEL: WARNING: There is an 'U'|'X'|'W'|'Z'|'-' in an arithmetic operand, the result will be 'X'(es).
# KERNEL: Time: 0 ps,  Iteration: 2,  Instance: /testbench/uut/adder_dir,  Process: line__42.
# KERNEL: WARNING: There is an 'U'|'X'|'W'|'Z'|'-' in an arithmetic operand, the result will be 'X'(es).
# KERNEL: Time: 5 ns,  Iteration: 2,  Instance: /testbench/uut/ALU_MIPs,  Process: line__43.
# KERNEL: WARNING: There is an 'U'|'X'|'W'|'Z'|'-' in an arithmetic operand, the result will be 'X'(es).
# KERNEL: Time: 5 ns,  Iteration: 2,  Instance: /testbench/uut/adder_dir,  Process: line__42.
# EXECUTION:: NOTE   : Simulation time : 60000 ps.  Data written: 28, in Reg = 1
# EXECUTION:: Time: 60 ns,  Iteration: 1,  Instance: /testbench/uut/INT_Register_bank,  Process: line__55.
# EXECUTION:: NOTE   : Simulation time : 70000 ps.  Data written: 48, in Reg = 2
# EXECUTION:: Time: 70 ns,  Iteration: 1,  Instance: /testbench/uut/INT_Register_bank,  Process: line__55.
# EXECUTION:: NOTE   : Simulation time : 80000 ps.  Data written: 4, in Reg = 3
# EXECUTION:: Time: 80 ns,  Iteration: 1,  Instance: /testbench/uut/INT_Register_bank,  Process: line__55.
# EXECUTION:: NOTE   : Simulation time : 110000 ps.  Data written: 52, in Reg = 2
# EXECUTION:: Time: 110 ns,  Iteration: 1,  Instance: /testbench/uut/INT_Register_bank,  Process: line__55.
# EXECUTION:: NOTE   : Simulation time : 120000 ps.  Data written: 28, in Reg = 4
# EXECUTION:: Time: 120 ns,  Iteration: 1,  Instance: /testbench/uut/INT_Register_bank,  Process: line__55.
# EXECUTION:: NOTE   : Simulation time : 140000 ps.  Data written: 800000, in Reg = 5
# EXECUTION:: Time: 140 ns,  Iteration: 1,  Instance: /testbench/uut/INT_Register_bank,  Process: line__55.
# EXECUTION:: NOTE   : Simulation time : 170000 ps.  Data written: 800000, in Reg = 6
# EXECUTION:: Time: 170 ns,  Iteration: 1,  Instance: /testbench/uut/INT_Register_bank,  Process: line__55.
# EXECUTION:: NOTE   : Simulation time : 180000 ps.  Data written: 32, in Reg = 1
# EXECUTION:: Time: 180 ns,  Iteration: 1,  Instance: /testbench/uut/INT_Register_bank,  Process: line__55.
# EXECUTION:: NOTE   : Simulation time : 260000 ps.  Data written: 10000, in Reg = 5
# EXECUTION:: Time: 260 ns,  Iteration: 1,  Instance: /testbench/uut/INT_Register_bank,  Process: line__55.
# EXECUTION:: NOTE   : Simulation time : 290000 ps.  Data written: 810000, in Reg = 6
# EXECUTION:: Time: 290 ns,  Iteration: 1,  Instance: /testbench/uut/INT_Register_bank,  Process: line__55.
# EXECUTION:: NOTE   : Simulation time : 300000 ps.  Data written: 36, in Reg = 1
# EXECUTION:: Time: 300 ns,  Iteration: 1,  Instance: /testbench/uut/INT_Register_bank,  Process: line__55.
# EXECUTION:: NOTE   : Simulation time : 380000 ps.  Data written: 6000, in Reg = 5
# EXECUTION:: Time: 380 ns,  Iteration: 1,  Instance: /testbench/uut/INT_Register_bank,  Process: line__55.
# EXECUTION:: NOTE   : Simulation time : 410000 ps.  Data written: 816000, in Reg = 6
# EXECUTION:: Time: 410 ns,  Iteration: 1,  Instance: /testbench/uut/INT_Register_bank,  Process: line__55.
# EXECUTION:: NOTE   : Simulation time : 420000 ps.  Data written: 40, in Reg = 1
# EXECUTION:: Time: 420 ns,  Iteration: 1,  Instance: /testbench/uut/INT_Register_bank,  Process: line__55.
# EXECUTION:: NOTE   : Simulation time : 500000 ps.  Data written: 100, in Reg = 5
# EXECUTION:: Time: 500 ns,  Iteration: 1,  Instance: /testbench/uut/INT_Register_bank,  Process: line__55.
# EXECUTION:: NOTE   : Simulation time : 530000 ps.  Data written: 816100, in Reg = 6
# EXECUTION:: Time: 530 ns,  Iteration: 1,  Instance: /testbench/uut/INT_Register_bank,  Process: line__55.
# EXECUTION:: NOTE   : Simulation time : 540000 ps.  Data written: 44, in Reg = 1
# EXECUTION:: Time: 540 ns,  Iteration: 1,  Instance: /testbench/uut/INT_Register_bank,  Process: line__55.
# EXECUTION:: NOTE   : Simulation time : 620000 ps.  Data written: 0, in Reg = 5
# EXECUTION:: Time: 620 ns,  Iteration: 1,  Instance: /testbench/uut/INT_Register_bank,  Process: line__55.
# EXECUTION:: NOTE   : Simulation time : 650000 ps.  Data written: 816100, in Reg = 6
# EXECUTION:: Time: 650 ns,  Iteration: 1,  Instance: /testbench/uut/INT_Register_bank,  Process: line__55.
# EXECUTION:: NOTE   : Simulation time : 660000 ps.  Data written: 48, in Reg = 1
# EXECUTION:: Time: 660 ns,  Iteration: 1,  Instance: /testbench/uut/INT_Register_bank,  Process: line__55.
# EXECUTION:: NOTE   : Simulation time : 740000 ps.  Data written: 6, in Reg = 5
# EXECUTION:: Time: 740 ns,  Iteration: 1,  Instance: /testbench/uut/INT_Register_bank,  Process: line__55.
# EXECUTION:: NOTE   : Simulation time : 770000 ps.  Data written: 816106, in Reg = 6
# EXECUTION:: Time: 770 ns,  Iteration: 1,  Instance: /testbench/uut/INT_Register_bank,  Process: line__55.
# EXECUTION:: NOTE   : Simulation time : 780000 ps.  Data written: 52, in Reg = 1
# EXECUTION:: Time: 780 ns,  Iteration: 1,  Instance: /testbench/uut/INT_Register_bank,  Process: line__55.
# EXECUTION:: NOTE   : Simulation time : 825000 ps.  Data written: 816106, in ADDR = 0
# EXECUTION:: Time: 825 ns,  Iteration: 1,  Instance: /testbench/uut/Mem_D,  Process: line__80.
# EXECUTION:: NOTE   : Simulation time : 840000 ps.  Data written: 84, in Reg = 0
# EXECUTION:: Time: 840 ns,  Iteration: 1,  Instance: /testbench/uut/INT_Register_bank,  Process: line__55.
# EXECUTION:: NOTE   : Simulation time : 860000 ps.  Data written: 84, in Reg = 0
# EXECUTION:: Time: 860 ns,  Iteration: 1,  Instance: /testbench/uut/INT_Register_bank,  Process: line__55.
# EXECUTION:: NOTE   : Simulation time : 880000 ps.  Data written: 84, in Reg = 0
# EXECUTION:: Time: 880 ns,  Iteration: 1,  Instance: /testbench/uut/INT_Register_bank,  Process: line__55.
# EXECUTION:: NOTE   : Simulation time : 900000 ps.  Data written: 84, in Reg = 0
# EXECUTION:: Time: 900 ns,  Iteration: 1,  Instance: /testbench/uut/INT_Register_bank,  Process: line__55.
# EXECUTION:: NOTE   : Simulation time : 920000 ps.  Data written: 84, in Reg = 0
# EXECUTION:: Time: 920 ns,  Iteration: 1,  Instance: /testbench/uut/INT_Register_bank,  Process: line__55.
# EXECUTION:: NOTE   : Simulation time : 940000 ps.  Data written: 84, in Reg = 0
# EXECUTION:: Time: 940 ns,  Iteration: 1,  Instance: /testbench/uut/INT_Register_bank,  Process: line__55.
# EXECUTION:: NOTE   : Simulation time : 960000 ps.  Data written: 84, in Reg = 0
# EXECUTION:: Time: 960 ns,  Iteration: 1,  Instance: /testbench/uut/INT_Register_bank,  Process: line__55.
# EXECUTION:: NOTE   : Simulation time : 980000 ps.  Data written: 84, in Reg = 0
# EXECUTION:: Time: 980 ns,  Iteration: 1,  Instance: /testbench/uut/INT_Register_bank,  Process: line__55.
# EXECUTION:: NOTE   : Simulation time : 1000000 ps.  Data written: 84, in Reg = 0
# EXECUTION:: Time: 1 us,  Iteration: 1,  Instance: /testbench/uut/INT_Register_bank,  Process: line__55.
# KERNEL: stopped at time: 1 us
acom -O3 -e 100 -work practica3_design -2002  $dsn/src/mips_segmentado_practicas_completar_v2.vhd $dsn/src/bits_shifter.vhd $dsn/src/alu.vhd $dsn/src/uc_completar.vhd $dsn/src/counter.vhd $dsn/src/register.vhd $dsn/src/ext_signo.vhd $dsn/src/adder32.vhd $dsn/src/testbench_mips.vhd $dsn/src/mux4_1.vhd $dsn/src/mux2_1.vhd $dsn/src/breg.vhd $dsn/src/mux2_5bits.vhd $dsn/src/banco_wb.vhd $dsn/src/banco_mem.vhd $dsn/src/banco_id.vhd $dsn/src/banco_ex.vhd $dsn/src/RAM_D.vhd $dsn/src/RAM_I_816106-R.vhd $dsn/src/RAM_I_816106.vhd
# Compile Entity "MIPs_segmentado"
# Compile Architecture "Behavioral" of Entity "MIPs_segmentado"
# Compile Entity "two_bits_shifter"
# Compile Architecture "Behavioral" of Entity "two_bits_shifter"
# Compile Entity "ALU"
# Compile Architecture "Behavioral" of Entity "ALU"
# Compile Entity "UC"
# Compile Architecture "Behavioral" of Entity "UC"
# Compile Entity "counter"
# Compile Architecture "Behavioral" of Entity "counter"
# Compile Entity "reg"
# Compile Architecture "behavioral" of Entity "REG"
# Compile Entity "Ext_signo"
# Compile Architecture "Behavioral" of Entity "Ext_signo"
# Compile Entity "adder32"
# Compile Architecture "Behavioral" of Entity "adder32"
# Compile Entity "testbench"
# Compile Architecture "behavior" of Entity "testbench"
# Compile Entity "mux4_1"
# Compile Architecture "Behavioral" of Entity "mux4_1"
# Compile Entity "mux2_1"
# Compile Architecture "Behavioral" of Entity "mux2_1"
# Compile Entity "BReg"
# Compile Architecture "Behavioral" of Entity "BReg"
# Compile Entity "mux2_5bits"
# Compile Architecture "Behavioral" of Entity "mux2_5bits"
# Compile Entity "Banco_WB"
# Compile Architecture "Behavioral" of Entity "Banco_WB"
# Compile Entity "Banco_MEM"
# Compile Architecture "Behavioral" of Entity "Banco_MEM"
# Compile Entity "Banco_ID"
# Compile Architecture "Behavioral" of Entity "Banco_ID"
# Compile Entity "Banco_EX"
# Compile Architecture "Behavioral" of Entity "Banco_EX"
# Compile Entity "Data_Memory_Subsystem"
# Compile Architecture "Behavioral" of Entity "Data_Memory_Subsystem"
# Compile Entity "memoriaRAM_I_R"
# Compile Architecture "Behavioral" of Entity "memoriaRAM_I_R"
# Compile Entity "memoriaRAM_I"
# Compile Architecture "Behavioral" of Entity "memoriaRAM_I"
# Compile success 0 Errors 0 Warnings  Analysis time :  0.8 [s]
endsim
# VSIM: Simulation has finished.
asim -O5 +access +r +m+testbench testbench behavior
# ELBREAD: Elaboration process.
# ELBREAD: Elaboration time 0.0 [s].
# VSIM: Stack memory: 32MB
# VSIM: Retval memory: 32MB
# 
# KERNEL: Main thread initiated.
# KERNEL: Kernel process initialization phase.
# ELAB2: Elaboration final pass...
# ELAB2: Create instances ...
# KERNEL: Time resolution set to 1ps.
# ELAB2: Create instances complete.
# SLP: Started
# SLP: Elaboration phase ...
# SLP: Elaboration phase ... skipped, nothing to simulate in SLP mode : 0.0 [s]
# SLP: Finished : 0.0 [s]
# ELAB2: Elaboration final pass complete - time: 0.0 [s].
# KERNEL: Warning: You are using the Active-HDL Student Edition. The performance of simulation is running at a reduced rate.
# KERNEL: Warning: Contact Aldec for available upgrade options - sales@aldec.com.
# KERNEL: Kernel process initialization done.
# Allocation: Simulator allocated 6669 kB (elbread=427 elab2=6099 kernel=142 sdf=0)
# KERNEL: ASDB file was created in location C:\Users\edu7g\Ingenieria-Informatica\curso2\AOC2\Practicas\Practica3\practica3_active\practica3_design\src\wave.asdb
#  20:28, viernes, 4 de abril de 2025
#  Simulation has been initialized
# Waveform file 'untitled.awc' connected to 'C:/Users/edu7g/Ingenieria-Informatica/curso2/AOC2/Practicas/Practica3/practica3_active/practica3_design/src/wave.asdb'.
run @1us
# KERNEL: WARNING: There is an 'U'|'X'|'W'|'Z'|'-' in an arithmetic operand, the result will be 'X'(es).
# KERNEL: Time: 0 ps,  Iteration: 0,  Instance: /testbench/uut/adder_4,  Process: line__42.
# KERNEL: WARNING: CONV_INTEGER: There is an 'U'|'X'|'W'|'Z'|'-' in an arithmetic operand, and it has been converted to 0.
# KERNEL: Time: 0 ps,  Iteration: 0,  Instance: /testbench/uut/Mem_I,  Process: line__128.
# KERNEL: WARNING: CONV_INTEGER: There is an 'U'|'X'|'W'|'Z'|'-' in an arithmetic operand, and it has been converted to 0.
# KERNEL: Time: 0 ps,  Iteration: 0,  Instance: /testbench/uut/INT_Register_bank,  Process: line__74.
# KERNEL: WARNING: CONV_INTEGER: There is an 'U'|'X'|'W'|'Z'|'-' in an arithmetic operand, and it has been converted to 0.
# KERNEL: Time: 0 ps,  Iteration: 0,  Instance: /testbench/uut/INT_Register_bank,  Process: line__76.
# KERNEL: WARNING: There is an 'U'|'X'|'W'|'Z'|'-' in an arithmetic operand, the result will be 'X'(es).
# KERNEL: Time: 0 ps,  Iteration: 0,  Instance: /testbench/uut/adder_dir,  Process: line__42.
# KERNEL: WARNING: There is an 'U'|'X'|'W'|'Z'|'-' in an arithmetic operand, the result will be 'X'(es).
# KERNEL: Time: 0 ps,  Iteration: 0,  Instance: /testbench/uut/ALU_MIPs,  Process: line__43.
# KERNEL: WARNING: There is an 'U'|'X'|'W'|'Z'|'-' in an arithmetic operand, the result will be 'X'(es).
# KERNEL: Time: 0 ps,  Iteration: 0,  Instance: /testbench/uut/ALU_MIPs,  Process: line__43.
# KERNEL: WARNING: There is an 'U'|'X'|'W'|'Z'|'-' in an arithmetic operand, the result will be 'X'(es).
# KERNEL: Time: 0 ps,  Iteration: 0,  Instance: /testbench/uut/ALU_MIPs,  Process: line__43.
# KERNEL: WARNING: There is an 'U'|'X'|'W'|'Z'|'-' in an arithmetic operand, the result will be 'X'(es).
# KERNEL: Time: 0 ps,  Iteration: 0,  Instance: /testbench/uut/ALU_MIPs,  Process: line__43.
# KERNEL: WARNING: There is an 'U'|'X'|'W'|'Z'|'-' in an arithmetic operand, the result will be 'X'(es).
# KERNEL: Time: 0 ps,  Iteration: 1,  Instance: /testbench/uut/adder_dir,  Process: line__42.
# KERNEL: WARNING: CONV_INTEGER: There is an 'U'|'X'|'W'|'Z'|'-' in an arithmetic operand, and it has been converted to 0.
# KERNEL: Time: 0 ps,  Iteration: 2,  Instance: /testbench/uut/INT_Register_bank,  Process: line__74.
# KERNEL: WARNING: CONV_INTEGER: There is an 'U'|'X'|'W'|'Z'|'-' in an arithmetic operand, and it has been converted to 0.
# KERNEL: Time: 0 ps,  Iteration: 2,  Instance: /testbench/uut/INT_Register_bank,  Process: line__76.
# KERNEL: WARNING: There is an 'U'|'X'|'W'|'Z'|'-' in an arithmetic operand, the result will be 'X'(es).
# KERNEL: Time: 0 ps,  Iteration: 2,  Instance: /testbench/uut/adder_dir,  Process: line__42.
# KERNEL: WARNING: There is an 'U'|'X'|'W'|'Z'|'-' in an arithmetic operand, the result will be 'X'(es).
# KERNEL: Time: 5 ns,  Iteration: 2,  Instance: /testbench/uut/ALU_MIPs,  Process: line__43.
# KERNEL: WARNING: There is an 'U'|'X'|'W'|'Z'|'-' in an arithmetic operand, the result will be 'X'(es).
# KERNEL: Time: 5 ns,  Iteration: 2,  Instance: /testbench/uut/adder_dir,  Process: line__42.
# EXECUTION:: NOTE   : Simulation time : 60000 ps.  Data written: 48, in Reg = 2
# EXECUTION:: Time: 60 ns,  Iteration: 1,  Instance: /testbench/uut/INT_Register_bank,  Process: line__55.
# EXECUTION:: NOTE   : Simulation time : 70000 ps.  Data written: 4, in Reg = 3
# EXECUTION:: Time: 70 ns,  Iteration: 1,  Instance: /testbench/uut/INT_Register_bank,  Process: line__55.
# EXECUTION:: NOTE   : Simulation time : 80000 ps.  Data written: 28, in Reg = 1
# EXECUTION:: Time: 80 ns,  Iteration: 1,  Instance: /testbench/uut/INT_Register_bank,  Process: line__55.
# EXECUTION:: NOTE   : Simulation time : 100000 ps.  Data written: 52, in Reg = 2
# EXECUTION:: Time: 100 ns,  Iteration: 1,  Instance: /testbench/uut/INT_Register_bank,  Process: line__55.
# EXECUTION:: NOTE   : Simulation time : 110000 ps.  Data written: 24, in Reg = 4
# EXECUTION:: Time: 110 ns,  Iteration: 1,  Instance: /testbench/uut/INT_Register_bank,  Process: line__55.
# EXECUTION:: NOTE   : Simulation time : 120000 ps.  Data written: 800000, in Reg = 5
# EXECUTION:: Time: 120 ns,  Iteration: 1,  Instance: /testbench/uut/INT_Register_bank,  Process: line__55.
# EXECUTION:: NOTE   : Simulation time : 150000 ps.  Data written: 800000, in Reg = 6
# EXECUTION:: Time: 150 ns,  Iteration: 1,  Instance: /testbench/uut/INT_Register_bank,  Process: line__55.
# EXECUTION:: NOTE   : Simulation time : 160000 ps.  Data written: 32, in Reg = 1
# EXECUTION:: Time: 160 ns,  Iteration: 1,  Instance: /testbench/uut/INT_Register_bank,  Process: line__55.
# EXECUTION:: NOTE   : Simulation time : 190000 ps.  Data written: 10000, in Reg = 5
# EXECUTION:: Time: 190 ns,  Iteration: 1,  Instance: /testbench/uut/INT_Register_bank,  Process: line__55.
# EXECUTION:: NOTE   : Simulation time : 220000 ps.  Data written: 810000, in Reg = 6
# EXECUTION:: Time: 220 ns,  Iteration: 1,  Instance: /testbench/uut/INT_Register_bank,  Process: line__55.
# EXECUTION:: NOTE   : Simulation time : 230000 ps.  Data written: 36, in Reg = 1
# EXECUTION:: Time: 230 ns,  Iteration: 1,  Instance: /testbench/uut/INT_Register_bank,  Process: line__55.
# EXECUTION:: NOTE   : Simulation time : 260000 ps.  Data written: 6000, in Reg = 5
# EXECUTION:: Time: 260 ns,  Iteration: 1,  Instance: /testbench/uut/INT_Register_bank,  Process: line__55.
# EXECUTION:: NOTE   : Simulation time : 290000 ps.  Data written: 816000, in Reg = 6
# EXECUTION:: Time: 290 ns,  Iteration: 1,  Instance: /testbench/uut/INT_Register_bank,  Process: line__55.
# EXECUTION:: NOTE   : Simulation time : 300000 ps.  Data written: 40, in Reg = 1
# EXECUTION:: Time: 300 ns,  Iteration: 1,  Instance: /testbench/uut/INT_Register_bank,  Process: line__55.
# EXECUTION:: NOTE   : Simulation time : 330000 ps.  Data written: 100, in Reg = 5
# EXECUTION:: Time: 330 ns,  Iteration: 1,  Instance: /testbench/uut/INT_Register_bank,  Process: line__55.
# EXECUTION:: NOTE   : Simulation time : 360000 ps.  Data written: 816100, in Reg = 6
# EXECUTION:: Time: 360 ns,  Iteration: 1,  Instance: /testbench/uut/INT_Register_bank,  Process: line__55.
# EXECUTION:: NOTE   : Simulation time : 370000 ps.  Data written: 44, in Reg = 1
# EXECUTION:: Time: 370 ns,  Iteration: 1,  Instance: /testbench/uut/INT_Register_bank,  Process: line__55.
# EXECUTION:: NOTE   : Simulation time : 400000 ps.  Data written: 0, in Reg = 5
# EXECUTION:: Time: 400 ns,  Iteration: 1,  Instance: /testbench/uut/INT_Register_bank,  Process: line__55.
# EXECUTION:: NOTE   : Simulation time : 430000 ps.  Data written: 816100, in Reg = 6
# EXECUTION:: Time: 430 ns,  Iteration: 1,  Instance: /testbench/uut/INT_Register_bank,  Process: line__55.
# EXECUTION:: NOTE   : Simulation time : 440000 ps.  Data written: 48, in Reg = 1
# EXECUTION:: Time: 440 ns,  Iteration: 1,  Instance: /testbench/uut/INT_Register_bank,  Process: line__55.
# EXECUTION:: NOTE   : Simulation time : 470000 ps.  Data written: 6, in Reg = 5
# EXECUTION:: Time: 470 ns,  Iteration: 1,  Instance: /testbench/uut/INT_Register_bank,  Process: line__55.
# EXECUTION:: NOTE   : Simulation time : 500000 ps.  Data written: 816106, in Reg = 6
# EXECUTION:: Time: 500 ns,  Iteration: 1,  Instance: /testbench/uut/INT_Register_bank,  Process: line__55.
# EXECUTION:: NOTE   : Simulation time : 510000 ps.  Data written: 52, in Reg = 1
# EXECUTION:: Time: 510 ns,  Iteration: 1,  Instance: /testbench/uut/INT_Register_bank,  Process: line__55.
# EXECUTION:: NOTE   : Simulation time : 540000 ps.  Data written: 0, in Reg = 5
# EXECUTION:: Time: 540 ns,  Iteration: 1,  Instance: /testbench/uut/INT_Register_bank,  Process: line__55.
# EXECUTION:: NOTE   : Simulation time : 565000 ps.  Data written: 816106, in ADDR = 0
# EXECUTION:: Time: 565 ns,  Iteration: 1,  Instance: /testbench/uut/Mem_D,  Process: line__80.
# EXECUTION:: NOTE   : Simulation time : 580000 ps.  Data written: 60, in Reg = 0
# EXECUTION:: Time: 580 ns,  Iteration: 1,  Instance: /testbench/uut/INT_Register_bank,  Process: line__55.
# EXECUTION:: NOTE   : Simulation time : 600000 ps.  Data written: 60, in Reg = 0
# EXECUTION:: Time: 600 ns,  Iteration: 1,  Instance: /testbench/uut/INT_Register_bank,  Process: line__55.
# EXECUTION:: NOTE   : Simulation time : 620000 ps.  Data written: 60, in Reg = 0
# EXECUTION:: Time: 620 ns,  Iteration: 1,  Instance: /testbench/uut/INT_Register_bank,  Process: line__55.
# EXECUTION:: NOTE   : Simulation time : 640000 ps.  Data written: 60, in Reg = 0
# EXECUTION:: Time: 640 ns,  Iteration: 1,  Instance: /testbench/uut/INT_Register_bank,  Process: line__55.
# EXECUTION:: NOTE   : Simulation time : 660000 ps.  Data written: 60, in Reg = 0
# EXECUTION:: Time: 660 ns,  Iteration: 1,  Instance: /testbench/uut/INT_Register_bank,  Process: line__55.
# EXECUTION:: NOTE   : Simulation time : 680000 ps.  Data written: 60, in Reg = 0
# EXECUTION:: Time: 680 ns,  Iteration: 1,  Instance: /testbench/uut/INT_Register_bank,  Process: line__55.
# EXECUTION:: NOTE   : Simulation time : 700000 ps.  Data written: 60, in Reg = 0
# EXECUTION:: Time: 700 ns,  Iteration: 1,  Instance: /testbench/uut/INT_Register_bank,  Process: line__55.
# EXECUTION:: NOTE   : Simulation time : 720000 ps.  Data written: 60, in Reg = 0
# EXECUTION:: Time: 720 ns,  Iteration: 1,  Instance: /testbench/uut/INT_Register_bank,  Process: line__55.
# EXECUTION:: NOTE   : Simulation time : 740000 ps.  Data written: 60, in Reg = 0
# EXECUTION:: Time: 740 ns,  Iteration: 1,  Instance: /testbench/uut/INT_Register_bank,  Process: line__55.
# EXECUTION:: NOTE   : Simulation time : 760000 ps.  Data written: 60, in Reg = 0
# EXECUTION:: Time: 760 ns,  Iteration: 1,  Instance: /testbench/uut/INT_Register_bank,  Process: line__55.
# EXECUTION:: NOTE   : Simulation time : 780000 ps.  Data written: 60, in Reg = 0
# EXECUTION:: Time: 780 ns,  Iteration: 1,  Instance: /testbench/uut/INT_Register_bank,  Process: line__55.
# EXECUTION:: NOTE   : Simulation time : 800000 ps.  Data written: 60, in Reg = 0
# EXECUTION:: Time: 800 ns,  Iteration: 1,  Instance: /testbench/uut/INT_Register_bank,  Process: line__55.
# EXECUTION:: NOTE   : Simulation time : 820000 ps.  Data written: 60, in Reg = 0
# EXECUTION:: Time: 820 ns,  Iteration: 1,  Instance: /testbench/uut/INT_Register_bank,  Process: line__55.
# EXECUTION:: NOTE   : Simulation time : 840000 ps.  Data written: 60, in Reg = 0
# EXECUTION:: Time: 840 ns,  Iteration: 1,  Instance: /testbench/uut/INT_Register_bank,  Process: line__55.
# EXECUTION:: NOTE   : Simulation time : 860000 ps.  Data written: 60, in Reg = 0
# EXECUTION:: Time: 860 ns,  Iteration: 1,  Instance: /testbench/uut/INT_Register_bank,  Process: line__55.
# EXECUTION:: NOTE   : Simulation time : 880000 ps.  Data written: 60, in Reg = 0
# EXECUTION:: Time: 880 ns,  Iteration: 1,  Instance: /testbench/uut/INT_Register_bank,  Process: line__55.
# EXECUTION:: NOTE   : Simulation time : 900000 ps.  Data written: 60, in Reg = 0
# EXECUTION:: Time: 900 ns,  Iteration: 1,  Instance: /testbench/uut/INT_Register_bank,  Process: line__55.
# EXECUTION:: NOTE   : Simulation time : 920000 ps.  Data written: 60, in Reg = 0
# EXECUTION:: Time: 920 ns,  Iteration: 1,  Instance: /testbench/uut/INT_Register_bank,  Process: line__55.
# EXECUTION:: NOTE   : Simulation time : 940000 ps.  Data written: 60, in Reg = 0
# EXECUTION:: Time: 940 ns,  Iteration: 1,  Instance: /testbench/uut/INT_Register_bank,  Process: line__55.
# EXECUTION:: NOTE   : Simulation time : 960000 ps.  Data written: 60, in Reg = 0
# EXECUTION:: Time: 960 ns,  Iteration: 1,  Instance: /testbench/uut/INT_Register_bank,  Process: line__55.
# EXECUTION:: NOTE   : Simulation time : 980000 ps.  Data written: 60, in Reg = 0
# EXECUTION:: Time: 980 ns,  Iteration: 1,  Instance: /testbench/uut/INT_Register_bank,  Process: line__55.
# EXECUTION:: NOTE   : Simulation time : 1000000 ps.  Data written: 60, in Reg = 0
# EXECUTION:: Time: 1 us,  Iteration: 1,  Instance: /testbench/uut/INT_Register_bank,  Process: line__55.
# KERNEL: stopped at time: 1 us
