


ARM Macro Assembler    Page 1 


    1 00000000                 AREA             codigo, CODE
    2 00000000                 EXPORT           ordena
    3 00000000         
    4 00000000         ordena                               ; SBR que ordena un
                                                            a tabla de enteros 
                                                            de 32 bits. Paramet
                                                            ros: 
    5 00000000         ; r0 = @ de comienzo de la tabla a ordenar (tabla por re
                       ferencia)  
    6 00000000         ; r1 = Numero de elementos de la tabla (num_elem por val
                       or) 
    7 00000000 E52DE004        PUSH             {lr}
    8 00000004 E52D0004        PUSH             {r0}
    9 00000008 E52D1004        PUSH             {r1}
   10 0000000C EB000001        bl               qksort
   11 00000010 E28DD008        add              sp,sp,#8    ; liberar parametro
                                                            s
   12 00000014 E49DF004        POP              {pc}
   13 00000018         
   14 00000018         
   15 00000018 E92D4800 
                       qksort  PUSH             {lr,r11}    ; apilar @ret y r11
                                                            
   16 0000001C E1A0B00D        mov              fp,sp       ; r11=fp=frame poin
                                                            ter
   17 00000020 E92D01FF        PUSH             {r0-r8}     ; apilar registros 
                                                            utilizados
   18 00000024 E59B000C        ldr              r0,[fp,#12] ; r0=@T (ref)     =
                                                             izq
   19 00000028 E5906000        ldr              r6,[r0]     ; r6=[r0]      = li
                                                            sta[izq]
   20 0000002C E1A07000        mov              r7,r0       ; r7=r0      = limi
                                                            te_izq
   21 00000030 E59B1008        ldr              r1,[fp,#8]  ; r1=N (val)
   22 00000034 E2411001        sub              r1,r1,#1    ; r1=r1-1      = N-
                                                            1
   23 00000038 E0802101        add              r2,r0,r1,lsl #2 ; r2=@T+(N-1)*4
                                                                = der
   24 0000003C E5923000        ldr              r3,[r2]     ; r3=Mem[@T+N-1*4] 
                                                               = lista[der]
   25 00000040 E1A08002        mov              r8,r2       ; r8=r2      = limi
                                                            te_der
   26 00000044 E1A010C1        mov              r1,r1,asr #1 ; r1=r1/2
   27 00000048 E0804101        add              r4,r0,r1,lsl #2 ; r4=@T+(N-1)/2
                                                            *4    = pivote
   28 0000004C E5945000        ldr              r5,[r4]     ; r5=[r4]      = li
                                                            sta[pivote]
   29 00000050         
   30 00000050         
   31 00000050 E1560005 
                       sltizq  cmp              r6,r5       ; if lista[izq]>=pi
                                                            vote
   32 00000054 AA000003        bge              sltder      ; no salta izquierd
                                                            a
   33 00000058 E2800004        add              r0,r0,#4    ; r0=r0+4 izq++
   34 0000005C E5906000        ldr              r6,[r0]     ; r6=[r0]
   35 00000060 E1560005        cmp              r6,r5       ; if lista[izq]<piv
                                                            ote
   36 00000064 BAFFFFF9        blt              sltizq      ; salta izquierda



ARM Macro Assembler    Page 2 


   37 00000068         
   38 00000068 E1530005 
                       sltder  cmp              r3,r5       ; if lista[der]<=pi
                                                            vote
   39 0000006C DA000003        ble              noslt       ; no salta derecha
   40 00000070 E2422004        sub              r2,r2,#4    ; r2=r2-4
   41 00000074 E5923000        ldr              r3,[r2]     ; r3=[r2]
   42 00000078 E1530005        cmp              r3,r5       ; if lista[der]>piv
                                                            ote
   43 0000007C CAFFFFF9        bgt              sltder      ; salta derecha
   44 00000080         
   45 00000080 E1500002 
                       noslt   cmp              r0,r2       ; if izq>der
   46 00000084 CA000008        bgt              nocam       ; no cambia
   47 00000088 E5826000        str              r6,[r2]     ; Mem[r2]=r6
   48 0000008C E5803000        str              r3,[r0]     ; Mem[r0]=r3
   49 00000090 E1700008        cmn              r0,r8
   50 00000094 E2800004        add              r0,r0,#4    ; r0=r0+4 izq++
   51 00000098 E5906000        ldr              r6,[r0]     ; r6=[r0]
   52 0000009C E1520007        cmp              r2,r7
   53 000000A0 DA000001        ble              nocam
   54 000000A4 E2422004        sub              r2,r2,#4    ; r2=r2-4 der--
   55 000000A8 E5923000        ldr              r3,[r2]     ; r3=[r2]
   56 000000AC         
   57 000000AC E1500002 
                       nocam   cmp              r0,r2       ; if izq<=der
   58 000000B0 DAFFFFE6        ble              sltizq      ; salta a izq
   59 000000B4         
   60 000000B4 E1570002        cmp              r7,r2       ; if limite_izq >= 
                                                            der
   61 000000B8 AA000006        bge              nOrdIz      ; no ordenar izq
   62 000000BC E52D7004        PUSH             {r7}        ; apilamos limite i
                                                            zq
   63 000000C0 E0421007        sub              r1,r2,r7    ; r1=der-limite_izq
                                                            
   64 000000C4 E1A01141        mov              r1,r1,asr#2 ; r1=r1/4
   65 000000C8 E2811001        add              r1,r1,#1    ; r1=r1+1
   66 000000CC E52D1004        PUSH             {r1}        ; apilar r1
   67 000000D0 EBFFFFD0        bl               qksort      ; llamada recusiva 
                                                            a SBR qksort
   68 000000D4 E28DD008        add              sp,sp,#8    ; liberar parametro
                                                            s
   69 000000D8         
   70 000000D8         
   71 000000D8 E1580000 
                       nOrdIz  cmp              r8,r0       ; if limite_der <= 
                                                            izq
   72 000000DC DA000006        ble              finish      ; finish sbr
   73 000000E0 E52D0004        PUSH             {r0}        ; apilar izq
   74 000000E4 E0481000        sub              r1,r8,r0    ; r1=limite_der-izq
                                                            
   75 000000E8 E1A01141        mov              r1,r1,asr#2 ; r1=r1/4
   76 000000EC E2811001        add              r1,r1,#1    ; r1=r1+1
   77 000000F0 E52D1004        PUSH             {r1}        ; apilar r3
   78 000000F4 EBFFFFC7        bl               qksort      ; llamada recursiva
                                                             a SBR qksort
   79 000000F8 E28DD008        add              sp,sp,#8    ; liberar parametro
                                                            s
   80 000000FC         



ARM Macro Assembler    Page 3 


   81 000000FC         
   82 000000FC E8BD01FF 
                       finish  POP              {r0-r8}     ; recuperar registr
                                                            os utilizados
   83 00000100 E49DB004        POP              {r11}       ; recuperar r11 (ya
                                                             no hay fp) 
   84 00000104 E49DF004        POP              {pc}        ; retorno a PP  
   85 00000108         
   86 00000108                 END
Command Line: --debug --xref --diag_suppress=9931 --apcs=interwork --depend=.\o
bjects\practica4s.d -o.\objects\practica4s.o -IC:\Keil_v5\ARM\RV31\INC -IC:\Kei
l_v5\ARM\CMSIS\Include -IC:\Keil_v5\ARM\INC\Philips --predefine="__EVAL SETA 1"
 --predefine="__UVISION_VERSION SETA 526" --list=.\listings\practica4s.lst prac
tica4s.s



ARM Macro Assembler    Page 1 Alphabetic symbol ordering
Relocatable symbols

codigo 00000000

Symbol: codigo
   Definitions
      At line 1 in file practica4s.s
   Uses
      None
Comment: codigo unused
finish 000000FC

Symbol: finish
   Definitions
      At line 82 in file practica4s.s
   Uses
      At line 72 in file practica4s.s
Comment: finish used once
nOrdIz 000000D8

Symbol: nOrdIz
   Definitions
      At line 71 in file practica4s.s
   Uses
      At line 61 in file practica4s.s
Comment: nOrdIz used once
nocam 000000AC

Symbol: nocam
   Definitions
      At line 57 in file practica4s.s
   Uses
      At line 46 in file practica4s.s
      At line 53 in file practica4s.s

noslt 00000080

Symbol: noslt
   Definitions
      At line 45 in file practica4s.s
   Uses
      At line 39 in file practica4s.s
Comment: noslt used once
ordena 00000000

Symbol: ordena
   Definitions
      At line 4 in file practica4s.s
   Uses
      At line 2 in file practica4s.s
Comment: ordena used once
qksort 00000018

Symbol: qksort
   Definitions
      At line 15 in file practica4s.s
   Uses
      At line 10 in file practica4s.s
      At line 67 in file practica4s.s
      At line 78 in file practica4s.s




ARM Macro Assembler    Page 2 Alphabetic symbol ordering
Relocatable symbols

sltder 00000068

Symbol: sltder
   Definitions
      At line 38 in file practica4s.s
   Uses
      At line 32 in file practica4s.s
      At line 43 in file practica4s.s

sltizq 00000050

Symbol: sltizq
   Definitions
      At line 31 in file practica4s.s
   Uses
      At line 36 in file practica4s.s
      At line 58 in file practica4s.s

9 symbols
341 symbols in table
