


ARM Macro Assembler    Page 1 


    1 00000000                 AREA             datos, DATA, READWRITE
    2 00000000 00000005 
                       N       EQU              5
    3 00000000 00000007 
                       M       EQU              7
    4 00000000 6E 6B 6F 
              6E 67 76 
              66 6B 6F 
              62 63 66 
              65 71 70 
              62 6A 75 
              66 63 78 
              78 66 72 
              65 77 6F 
              6D 6E 6B 
              67 79 74 
              76 64    matriz  DCB              "nkongvfkobcfeqpbjufcxxfrewomnk
gytvd"
    5 00000023 00      temp    DCB              0
    6 00000024         
    7 00000024                 AREA             codigo, CODE, READONLY
    8 00000000                 ENTRY
    9 00000000 E59F207C        LDR              r2, =temp   ; r2 <- @temp
   10 00000004 E3A03005        LDR              r3, =N      ; r3 <- N
   11 00000008 E3A04007        LDR              r4, =M      ; r4 <- M
   12 0000000C E0050493        mul              r5, r3, r4  ; r5 <- N*M
   13 00000010 E1A07005        mov              r7, r5      ; i = N*M || n? de 
                                                            iteraciones
   14 00000014 E3A08000        mov              r8, #0      ; j = 0 || n? de ve
                                                            ces que se recorre 
                                                            una columna, cuando
                                                             sea igual a N hemo
                                                            s acabado y podemos
                                                             cambiar de columna
                                                            
   15 00000018 E3A09001        mov              r9, #1      ; x = 1 || n? de la
                                                             columna en la que 
                                                            estamos, empezando 
                                                            por la derecha
   16 0000001C         
   17 0000001C E59F0064 
                       ini_buc_i
                               LDR              r0, =matriz ; r0 <- @matriz
   18 00000020 E59F1060        LDR              r1, =matriz ; r1 <- @matriz
   19 00000024 E0050493        mul              r5, r3, r4  ; r5 <- N*M
   20 00000028 E0456009        sub              r6, r5, r9  ; r6 <- N*M-x || ?n
                                                            dice del ?ltimo ele
                                                            mento de la columna
                                                             x
   21 0000002C E0800006        add              r0, r0, r6  ; r0 <- @matriz + ?
                                                            ndice
   22 00000030 E0811006        add              r1, r1, r6  ; r1 <- @matriz + ?
                                                            ndice
   23 00000034 E2411007        sub              r1, r1, #M  ; r1 <- r1-M || ?nd
                                                            ice del elemento an
                                                            terior de la column
                                                            a x
   24 00000038         
   25 00000038 E5D0A000 



ARM Macro Assembler    Page 2 


                       ini_buc_j
                               ldrb             r10, [r0]   ; r10 <- matriz[?nd
                                                            ice]
   26 0000003C E5D1B000        ldrb             r11, [r1]   ; r11 <- matriz[?nd
                                                            ice-M]
   27 00000040 E15B000A        cmp              r11, r10    ; (matriz[?ndice-M]
                                                            >matriz[?ndice])?
   28 00000044 85C2A000        strhib           r10, [r2]   ; si s?, r2 <- r10 
                                                            || temp = matriz[?n
                                                            dice]
   29 00000048 85C0B000        strhib           r11, [r0]   ; si s?, r0 <- r11 
                                                            || matriz[?ndice] =
                                                             matriz[?ndice-1]
   30 0000004C 85C1A000        strhib           r10, [r1]   ; si s?, r1 <- r10 
                                                            || matriz[?ndice-1]
                                                             = temp
   31 00000050 E2400007        sub              r0, r0, #M  ; r0 <- r0-M || se 
                                                            actualiza @matriz a
                                                            l elemento anterior
                                                             de la columna
   32 00000054 E2411007        sub              r1, r1, #M  ; r1 <- r1-M || se 
                                                            actualiza @matriz a
                                                            l elemento anterior
                                                             de la columna
   33 00000058 E2466007        sub              r6, r6, #M  ; ?ndice = ?ndice-M
                                                             || ?ndice del elem
                                                            ento anterior de la
                                                             columna
   34 0000005C E3560007        cmp              r6, #M      ; (?ndice<M)? || cu
                                                            ando ?ndice sea men
                                                            or que M hemos reco
                                                            rrido una vez la co
                                                            lumna
   35 00000060 AAFFFFF4        bge              ini_buc_j   ; si no, vuelvo a i
                                                            ni_buc_j
   36 00000064         
   37 00000064 E2577001 
                       fin_buc_j
                               subs             r7, r7, #1  ; i--
   38 00000068 0A000004        beq              fin         ; cuando i sea 0, s
                                                            alto a fin
   39 0000006C E2888001        add              r8, r8, #1  ; j++
   40 00000070 E3580005        cmp              r8, #N      ; (j<N)?
   41 00000074 A2899001        addge            r9, r9, #1  ; si no, x++ || cam
                                                            bio de columna
   42 00000078 A3A08000        movge            r8, #0      ; j = 0 || se reini
                                                            cia el contador
   43 0000007C EAFFFFE6        b                ini_buc_i   ; salto a ini_buc_i
                                                            
   44 00000080         
   45 00000080 EAFFFFFE 
                       fin     b                fin
   46 00000084                 END
              00000000 
              00000000 
Command Line: --debug --xref --diag_suppress=9931 --apcs=interwork --depend=.\o
bjects\practica3.d -o.\objects\practica3.o -IC:\Keil_v5\ARM\RV31\INC -IC:\Keil_
v5\ARM\CMSIS\Include -IC:\Keil_v5\ARM\INC\Philips --predefine="__EVAL SETA 1" -
-predefine="__UVISION_VERSION SETA 526" --list=.\listings\practica3.lst practic



ARM Macro Assembler    Page 3 


a3.s



ARM Macro Assembler    Page 1 Alphabetic symbol ordering
Relocatable symbols

datos 00000000

Symbol: datos
   Definitions
      At line 1 in file practica3.s
   Uses
      None
Comment: datos unused
matriz 00000000

Symbol: matriz
   Definitions
      At line 4 in file practica3.s
   Uses
      At line 17 in file practica3.s
      At line 18 in file practica3.s

temp 00000023

Symbol: temp
   Definitions
      At line 5 in file practica3.s
   Uses
      At line 9 in file practica3.s
Comment: temp used once
3 symbols



ARM Macro Assembler    Page 1 Alphabetic symbol ordering
Relocatable symbols

codigo 00000000

Symbol: codigo
   Definitions
      At line 7 in file practica3.s
   Uses
      None
Comment: codigo unused
fin 00000080

Symbol: fin
   Definitions
      At line 45 in file practica3.s
   Uses
      At line 38 in file practica3.s
      At line 45 in file practica3.s

fin_buc_j 00000064

Symbol: fin_buc_j
   Definitions
      At line 37 in file practica3.s
   Uses
      None
Comment: fin_buc_j unused
ini_buc_i 0000001C

Symbol: ini_buc_i
   Definitions
      At line 17 in file practica3.s
   Uses
      At line 43 in file practica3.s
Comment: ini_buc_i used once
ini_buc_j 00000038

Symbol: ini_buc_j
   Definitions
      At line 25 in file practica3.s
   Uses
      At line 35 in file practica3.s
Comment: ini_buc_j used once
5 symbols



ARM Macro Assembler    Page 1 Alphabetic symbol ordering
Absolute symbols

M 00000007

Symbol: M
   Definitions
      At line 3 in file practica3.s
   Uses
      At line 11 in file practica3.s
      At line 23 in file practica3.s
      At line 31 in file practica3.s
      At line 32 in file practica3.s
      At line 33 in file practica3.s
      At line 34 in file practica3.s

N 00000005

Symbol: N
   Definitions
      At line 2 in file practica3.s
   Uses
      At line 10 in file practica3.s
      At line 40 in file practica3.s

2 symbols
344 symbols in table
