Component: ARM Compiler 5.06 update 6 (build 750) Tool: armlink [4d35ed]

==============================================================================

Section Cross References

    startup.o(RESET) refers to prac5.o(codigo) for inicio
    startup.o(.text) refers to startup.o(HEAP) for Heap_Mem
    startup.o(.text) refers to startup.o(STACK) for Stack_Mem
    prac5.o(codigo) refers to rand.o(codigo) for srand
    prac5.o(codigo) refers to prac5.o(datos) for timer_so
    rand.o(codigo) refers to rand.o(datos) for rand_x


==============================================================================

Removing Unused input sections from the image.

    Removing startup.o(STACK), (2048 bytes).
    Removing startup.o(HEAP), (0 bytes).
    Removing startup.o(.text), (28 bytes).

3 unused section(s) (total 2076 bytes) removed from the image.

==============================================================================

Image Symbol Table

    Local Symbols

    Symbol Name                              Value     Ov Type        Size  Object(Section)

    RESET                                    0x00000000   Section      708  startup.o(RESET)
    Startup.s                                0x00000000   Number         0  startup.o ABSOLUTE
    prac5.s                                  0x00000000   Number         0  prac5.o ABSOLUTE
    rand.s                                   0x00000000   Number         0  rand.o ABSOLUTE
    RSE_Undef                                0x00000040   ARM Code       4  startup.o(RESET)
    RSE_PAbt                                 0x00000044   ARM Code       4  startup.o(RESET)
    RSE_DAbt                                 0x00000048   ARM Code       4  startup.o(RESET)
    RSE_IRQ                                  0x0000004c   ARM Code       4  startup.o(RESET)
    RSE_FIQ                                  0x00000050   ARM Code       4  startup.o(RESET)
    RSE_Reset                                0x00000054   ARM Code       0  startup.o(RESET)
    chanel2irq                               0x00000168   Data          16  startup.o(RESET)
    SO_T                                     0x00000178   Data           4  startup.o(RESET)
    SO_E1                                    0x0000017c   Data          29  startup.o(RESET)
    SO_N                                     0x00000199   Data          48  startup.o(RESET)
    SO_E2                                    0x000001c9   Data          15  startup.o(RESET)
    RSE_SWI                                  0x000001d8   ARM Code       0  startup.o(RESET)
    SO4                                      0x0000023c   ARM Code       0  startup.o(RESET)
    codigo                                   0x40000000   Section     1684  prac5.o(codigo)
    RSI_reloj                                0x400002d0   ARM Code       0  prac5.o(codigo)
    RSI_teclado                              0x40000334   ARM Code       0  prac5.o(codigo)
    codigo                                   0x40000694   Section      100  rand.o(codigo)
    datos                                    0x400006f8   Section       41  prac5.o(datos)
    tecl_so                                  0x400006f8   Data           4  prac5.o(datos)
    timer_so                                 0x400006fc   Data           4  prac5.o(datos)
    reloj                                    0x40000700   Data           4  prac5.o(datos)
    max                                      0x40000704   Data           4  prac5.o(datos)
    cont                                     0x40000708   Data           4  prac5.o(datos)
    x1                                       0x4000070c   Data           4  prac5.o(datos)
    y1                                       0x40000710   Data           4  prac5.o(datos)
    x2                                       0x40000714   Data           4  prac5.o(datos)
    y2                                       0x40000718   Data           4  prac5.o(datos)
    dir1x                                    0x4000071c   Data           1  prac5.o(datos)
    dir1y                                    0x4000071d   Data           1  prac5.o(datos)
    dir2x                                    0x4000071e   Data           1  prac5.o(datos)
    dir2y                                    0x4000071f   Data           1  prac5.o(datos)
    fin                                      0x40000720   Data           1  prac5.o(datos)
    datos                                    0x40000724   Section       12  rand.o(datos)
    rand_x                                   0x40000724   Data           4  rand.o(datos)
    rand_a                                   0x40000728   Data           4  rand.o(datos)
    rand_c                                   0x4000072c   Data           4  rand.o(datos)

    Global Symbols

    Symbol Name                              Value     Ov Type        Size  Object(Section)

    BuildAttributes$$THM_ISAv1$ARM_ISAv4$S$PE$A:L22$X:L11$S22$IEEE1$IW$USESV6$~STKCKD$USESV7$~SHL$OSPACE$EBA8$STANDARDLIB$EABIv2 0x00000000   Number         0  anon$$obj.o ABSOLUTE
    inicio                                   0x40000000   ARM Code       0  prac5.o(codigo)
    srand                                    0x40000694   ARM Code       4  rand.o(codigo)
    rand                                     0x400006b0   ARM Code       4  rand.o(codigo)



==============================================================================

Memory Map of the image

  Image Entry point : 0x00000000

  Load Region LR_IROM1 (Base: 0x00000000, Size: 0x000002c4, Max: 0x00020000, ABSOLUTE)

    Execution Region ER_IROM1 (Exec base: 0x00000000, Load base: 0x00000000, Size: 0x000002c4, Max: 0xffffffff, ABSOLUTE)

    Exec Addr    Load Addr    Size         Type   Attr      Idx    E Section Name        Object

    0x00000000   0x00000000   0x000002c4   Code   RO            3  * RESET               startup.o



  Load Region LR_IRAM1 (Base: 0x40000000, Size: 0x00000730, Max: 0x00008000, ABSOLUTE)

    Execution Region ER_IRAM1 (Exec base: 0x40000000, Load base: 0x40000000, Size: 0x00000730, Max: 0xffffffff, ABSOLUTE)

    Exec Addr    Load Addr    Size         Type   Attr      Idx    E Section Name        Object

    0x40000000   0x40000000   0x00000694   Code   RO           12    codigo              prac5.o
    0x40000694   0x40000694   0x00000064   Code   RO           16    codigo              rand.o
    0x400006f8   0x400006f8   0x00000029   Data   RW           11    datos               prac5.o
    0x40000721   0x40000721   0x00000003   PAD
    0x40000724   0x40000724   0x0000000c   Data   RW           15    datos               rand.o


==============================================================================

Image component sizes


      Code (inc. data)   RO Data    RW Data    ZI Data      Debug   Object Name

      1684        100          0         41          0        636   prac5.o
       100         12          0         12          0        260   rand.o
       708        224          0          0          0        436   startup.o

    ----------------------------------------------------------------------
      2492        336          0         56          0       1332   Object Totals
         0          0          0          0          0          0   (incl. Generated)
         0          0          0          3          0          0   (incl. Padding)

    ----------------------------------------------------------------------
         0          0          0          0          0          0   Library Totals
         0          0          0          0          0          0   (incl. Padding)

    ----------------------------------------------------------------------

==============================================================================


      Code (inc. data)   RO Data    RW Data    ZI Data      Debug   

      2492        336          0         56          0       1332   Grand Totals
      2492        336          0         56          0       1332   ELF Image Totals
      2492        336          0         56          0          0   ROM Totals

==============================================================================

    Total RO  Size (Code + RO Data)                 2492 (   2.43kB)
    Total RW  Size (RW Data + ZI Data)                56 (   0.05kB)
    Total ROM Size (Code + RO Data + RW Data)       2548 (   2.49kB)

==============================================================================

