


ARM Macro Assembler    Page 1 


    1 00000000                 AREA             datos, DATA
    2 00000000 00000004 
                       n       DCD              4
    3 00000004 00000000 
                       fact    DCD              0
    4 00000008         
    5 00000008         
    6 00000008                 AREA             codigo,CODE
    7 00000000                 ENTRY
    8 00000000 E24DD004        sub              sp,sp,#4    ; espacio para resu
                                                            ltados
    9 00000004 E59F1058        LDR              r1,=n       ; r1=@n
   10 00000008 E5910000        ldr              r0,[r1]     ; r0=n
   11 0000000C E52D0004        PUSH             {r0}        ; apilar n
   12 00000010 EB000004        bl               facto       ; llamar facto
   13 00000014 E28DD004        add              sp,sp,#4    ; liberar parametro
                                                            s 
   14 00000018 E49D0004        POP              {r0}        ; desapilar resulta
                                                            do r0=n!
   15 0000001C E59F1044        LDR              r1,=fact    ; r1=@fact
   16 00000020 E5810000        str              r0,[r1]     ; fact=r0
   17 00000024         
   18 00000024 EAFFFFFE 
                       fin     b                fin
   19 00000028         
   20 00000028         ; SBR recursiva FACTO
   21 00000028 E92D4800 
                       facto   PUSH             {lr,r11}    ; apilar @ret y r11
                                                            
   22 0000002C E1A0B00D        mov              fp,sp       ; r11=fp=frame poin
                                                            ter
   23 00000030 E92D0003        PUSH             {r0,r1}     ; apilar registros
   24 00000034 E59B0008        ldr              r0,[fp,#8]  ; coger parametros 
                                                            r0=n
   25 00000038 E3500001        cmp              r0,#1       ; if r0=n=0
   26 0000003C 0A000006        beq              fins        ; saltar a fins
   27 00000040 E2401001        sub              r1,r0,#1    ; r1=r0-1
   28 00000044 E24DD004        sub              sp,sp,#4    ; espacio para resu
                                                            ltados
   29 00000048 E52D1004        PUSH             {r1}        ; apilar n-1
   30 0000004C EBFFFFF5        bl               facto       ; llamada recusiva 
                                                            a SBR facto
   31 00000050 E28DD004        add              sp,sp,#4    ; liberar parametro
                                                            s
   32 00000054 E49D1004        POP              {r1}        ; desapilar resulta
                                                            do r1=n-1!
   33 00000058 E0000091        mul              r0,r1,r0    ; r0=n*(n-1)!=n!
   34 0000005C E58B000C 
                       fins    str              r0,[fp,#12] ; almacenar en resu
                                                            ltado r0=n!
   35 00000060 E8BD8803        POP              {r0-r1,r11,pc} ; desapilar 
   36 00000064                 END
              00000000 
              00000000 
Command Line: --debug --xref --diag_suppress=9931 --apcs=interwork --depend=.\o
bjects\subrutinas.d -o.\objects\subrutinas.o -IC:\Keil_v5\ARM\RV31\INC -IC:\Kei
l_v5\ARM\CMSIS\Include -IC:\Keil_v5\ARM\INC\Philips --predefine="__EVAL SETA 1"
 --predefine="__UVISION_VERSION SETA 526" --list=.\listings\subrutinas.lst subr
utinas.s



ARM Macro Assembler    Page 1 Alphabetic symbol ordering
Relocatable symbols

datos 00000000

Symbol: datos
   Definitions
      At line 1 in file subrutinas.s
   Uses
      None
Comment: datos unused
fact 00000004

Symbol: fact
   Definitions
      At line 3 in file subrutinas.s
   Uses
      At line 15 in file subrutinas.s
Comment: fact used once
n 00000000

Symbol: n
   Definitions
      At line 2 in file subrutinas.s
   Uses
      At line 9 in file subrutinas.s
Comment: n used once
3 symbols



ARM Macro Assembler    Page 1 Alphabetic symbol ordering
Relocatable symbols

codigo 00000000

Symbol: codigo
   Definitions
      At line 6 in file subrutinas.s
   Uses
      None
Comment: codigo unused
facto 00000028

Symbol: facto
   Definitions
      At line 21 in file subrutinas.s
   Uses
      At line 12 in file subrutinas.s
      At line 30 in file subrutinas.s

fin 00000024

Symbol: fin
   Definitions
      At line 18 in file subrutinas.s
   Uses
      At line 18 in file subrutinas.s
Comment: fin used once
fins 0000005C

Symbol: fins
   Definitions
      At line 34 in file subrutinas.s
   Uses
      At line 26 in file subrutinas.s
Comment: fins used once
4 symbols
341 symbols in table
