Component: ARM Compiler 5.06 update 6 (build 750) Tool: armlink [4d35ed]

==============================================================================

Section Cross References

    subrutinas.o(codigo) refers to subrutinas.o(datos) for n


==============================================================================

Image Symbol Table

    Local Symbols

    Symbol Name                              Value     Ov Type        Size  Object(Section)

    subrutinas.s                             0x00000000   Number         0  subrutinas.o ABSOLUTE
    codigo                                   0x40000000   Section      108  subrutinas.o(codigo)
    datos                                    0x4000006c   Section        8  subrutinas.o(datos)
    n                                        0x4000006c   Data           4  subrutinas.o(datos)
    fact                                     0x40000070   Data           4  subrutinas.o(datos)

    Global Symbols

    Symbol Name                              Value     Ov Type        Size  Object(Section)

    BuildAttributes$$THM_ISAv1$ARM_ISAv4$S$PE$A:L22$X:L11$S22$IEEE1$IW$USESV6$~STKCKD$USESV7$~SHL$OSPACE$EBA8$STANDARDLIB$EABIv2 0x00000000   Number         0  anon$$obj.o ABSOLUTE



==============================================================================

Memory Map of the image

  Image Entry point : 0x40000000

  Load Region LR_IRAM1 (Base: 0x40000000, Size: 0x00000074, Max: 0x00008000, ABSOLUTE)

    Execution Region ER_IRAM1 (Exec base: 0x40000000, Load base: 0x40000000, Size: 0x00000074, Max: 0xffffffff, ABSOLUTE)

    Exec Addr    Load Addr    Size         Type   Attr      Idx    E Section Name        Object

    0x40000000   0x40000000   0x0000006c   Code   RO            2  * codigo              subrutinas.o
    0x4000006c   0x4000006c   0x00000008   Data   RW            1    datos               subrutinas.o


==============================================================================

Image component sizes


      Code (inc. data)   RO Data    RW Data    ZI Data      Debug   Object Name

       108          8          0          8          0        300   subrutinas.o

    ----------------------------------------------------------------------
       108          8          0          8          0        300   Object Totals
         0          0          0          0          0          0   (incl. Generated)
         0          0          0          0          0          0   (incl. Padding)

    ----------------------------------------------------------------------
         0          0          0          0          0          0   Library Totals
         0          0          0          0          0          0   (incl. Padding)

    ----------------------------------------------------------------------

==============================================================================


      Code (inc. data)   RO Data    RW Data    ZI Data      Debug   

       108          8          0          8          0        300   Grand Totals
       108          8          0          8          0        300   ELF Image Totals
       108          8          0          8          0          0   ROM Totals

==============================================================================

    Total RO  Size (Code + RO Data)                  108 (   0.11kB)
    Total RW  Size (RW Data + ZI Data)                 8 (   0.01kB)
    Total ROM Size (Code + RO Data + RW Data)        116 (   0.11kB)

==============================================================================

