# Design: Design Practica3_design already active.
acom -reorder -O3 -e 100 -work Practica3_design -2002  $dsn/src/mux4_1.vhd $dsn/src/testbench_mips.vhd $dsn/src/mux2_5bits.vhd $dsn/src/counter.vhd $dsn/src/bits_shifter.vhd $dsn/src/banco_wb.vhd $dsn/src/banco_id.vhd $dsn/src/banco_ex.vhd $dsn/src/uc_completar.vhd $dsn/src/ram-d_ejemplo.vhd $dsn/src/ext_signo.vhd $dsn/src/alu.vhd $dsn/src/banco_mem.vhd $dsn/src/ram-i_ejemplo_sin_nops_planificar.vhd $dsn/src/adder32.vhd $dsn/src/register.vhd $dsn/src/mips_segmentado_practicas_completar_v2.vhd $dsn/src/breg.vhd $dsn/src/mux2_1.vhd
# Compile Entity "mux4_1"
# Compile Architecture "Behavioral" of Entity "mux4_1"
# Compile Entity "testbench"
# Compile Architecture "behavior" of Entity "testbench"
# Compile Entity "mux2_5bits"
# Compile Architecture "Behavioral" of Entity "mux2_5bits"
# Compile Entity "counter"
# Compile Architecture "Behavioral" of Entity "counter"
# Compile Entity "two_bits_shifter"
# Compile Architecture "Behavioral" of Entity "two_bits_shifter"
# Compile Entity "Banco_WB"
# Compile Architecture "Behavioral" of Entity "Banco_WB"
# Compile Entity "Banco_ID"
# Compile Architecture "Behavioral" of Entity "Banco_ID"
# Compile Entity "Banco_EX"
# Compile Architecture "Behavioral" of Entity "Banco_EX"
# Compile Entity "UC"
# Compile Architecture "Behavioral" of Entity "UC"
# Compile Entity "Data_Memory_Subsystem"
# Compile Architecture "Behavioral" of Entity "Data_Memory_Subsystem"
# Compile Entity "Ext_signo"
# Compile Architecture "Behavioral" of Entity "Ext_signo"
# Compile Entity "ALU"
# Compile Architecture "Behavioral" of Entity "ALU"
# Compile Entity "Banco_MEM"
# Compile Architecture "Behavioral" of Entity "Banco_MEM"
# Compile Entity "memoriaRAM_I"
# Compile Architecture "Behavioral" of Entity "memoriaRAM_I"
# Compile Entity "adder32"
# Compile Architecture "Behavioral" of Entity "adder32"
# Compile Entity "reg"
# Compile Architecture "behavioral" of Entity "REG"
# Compile Entity "MIPs_segmentado"
# Compile Architecture "Behavioral" of Entity "MIPs_segmentado"
# Compile Entity "BReg"
# Compile Architecture "Behavioral" of Entity "BReg"
# Compile Entity "mux2_1"
# Compile Architecture "Behavioral" of Entity "mux2_1"
# Incorrect order of units detected.
# Automatic reorder and incremental recompilation of required units in progress.
# Top-level unit(s) detected:
# Entity => testbench
# Compile Architecture "Behavioral" of Entity "MIPs_segmentado"
# Compile Architecture "behavior" of Entity "testbench"
# Compile success 0 Errors 0 Warnings  Analysis time :  1.0 [s]
# ELBREAD: Elaboration process.
# ELBREAD: Elaboration time 0.0 [s].
# DESIGN: Default Design Language: VHDL
# DESIGN: Default BDE Language: VHDL
# DESIGN: Flow Manager: Not Defined
