


ARM Macro Assembler    Page 1 


    1 00000000                 AREA             datos,DATA,READWRITE 
                                                            ; area de datos
    2 00000000 00 00 00 
              00 00 00 
              00 00 00 
              00 00 00 
              00 00 00 
              00 00 00 
              00 00 00 
              00 00 00 
              00 00 00 
              00 00 00 
              00 00 00 
              00 00 00 
              00 00 00 
              00 00 00 
              00 00 00 
              00 00 00 
              00 00 00 
              00 00 00 
              00 00 00 
              00 00 00 
              00 00 00 
              00 00 00 
              00 00 00 
              00 00 00 
              00 00 00 
              00 00 00 
              00 00 00 
              00 00 00 
              00 00 00 
              00 00 00 
              00 00 00 
              00 00 00 
              00 00 00 
              00 00 00 
              00 00 00 
              00 00 00 
              00 00 00 
              00 00 00 
              00 00 00 
              00 00 00 
              00 00 00 
              00 00 00 
              00 00 00 
              00 00 00 
              00 00 00 
              00 00 00 
              00 00 00 
              00 00 00 
              00 00 00 
              00 00 00 
              00 00 00 
              00 00 00 
              00 00 00 
              00 00 00 
              00 00 00 
              00 00 00 
              00 00 00 



ARM Macro Assembler    Page 2 


              00 00 00 
              00 00 00 
              00 00 00 
              00 00 00 
              00 00 00 
              00 00 00 
              00 00 00 
              00 00 00 
              00 00 00 
              00 00 00 
              00 00 00 
              00 00 00 
              00 00 00 
              00 00 00 
              00 00 00 
              00 00 00 
              00 00 00 
              00 00 00 
              00 00 00 
              00 00 00 
              00 00 00 
              00 00 00 
              00 00 00 
              00 00 00 
              00 00 00 
              00 00 00 
              00 00 00 
              00 00 00 
              00 00 00 
              00 00 00 
              00 00 00 
              00 00 00 
              00 00 00 
              00 00 00 
              00 00 00 
              00 00 00 
              00 00 00 
              00 00 00 
              00 00 00 
              00 00 00 
              00 00 00 
              00 00 00 
              00 00 00 
              00 00 00 
              00 00 00 
              00 00 00 
              00 00 00 
              00 00 00 
              00 00 00 
              00 00 00 
              00 00 00 
              00 00 00 
              00 00 00 
              00 00 00 
              00 00 00 
              00 00 00 
              00 00 00 
              00 00 00 
              00 00 00 



ARM Macro Assembler    Page 3 


              00 00 00 
              00 00 00 
              00 00 00 
              00 00 00 
              00 00 00 
              00 00 00 
              00 00 00 
              00 00 00 
              00 00 00 
              00 00 00 
              00 00 00 
              00 00 00 
              00 00 00 
              00 00 00 
              00 00 00 
              00 00 00 
              00 00 00 
              00 00 00 
              00 00 00 
              00 00 00 
              00 00 00 
              00 00 00 
              00 00 00 
              00 00 00 
              00 00 00 
              00 00 00 
              00 00 00 
              00 00 00 
              00 00 00 
              00 00 00 
              00 00 00 
              00 00 00 
              00 00 00 
              00 00 00 
              00 00 00 
              00 00 00 
              00 00 00 
              00 00 00 
              00 00 00 
              00 00 00 
              00 00 00 
              00 00 00 
              00 00 00 
              00 00 00 
              00 00 00 
              00 00 00 
              00 00 00 
              00 00 00 
              00 00 00 
              00 00 00 
              00 00 00 
              00 00 00 
              00 00 00 
              00 00 00 
              00 00 00 
              00 00 00 
              00 00 00 
              00 00 00 
              00 00 00 



ARM Macro Assembler    Page 4 


              00 00 00 
              00 00 00 
              00 00 00 
              00 00 00 
              00 00 00 
              00 00 00 
              00 00 00 
              00 00 00 
              00 00 00 
              00 00 00 
              00 00 00 
              00 00 00 
              00 00 00 
              00 00 00 
              00 00 00 
              00 00 00 
              00 00 00 
              00 00 00 
              00 00 00 
              00 00 00 
              00 00 00 
              00 00 00 
              00 00 00 
              00 00 00 
              00 00 00 
              00 00 00 
              00 00 00 
              00 00 00 
              00 00 00 
              00 00 00 
              00 00 00 
              00 00 00 
              00 00 00 
              00 00 00 
              00 00 00 
              00 00 00 
              00 00 00 
              00 00 00 
              00 00 00 
              00 00 00 
              00 00 00 
              00 00 00 
              00 00 00 
              00 00 00 
              00 00 00 
              00 00 00 
              00 00 00 
              00 00 00 
              00 00 00 
              00 00 00 
              00 00 00 
              00 00 00 
              00 00 00 
              00 00 00 
              00 00 00 
              00 00 00 
              00 00 00 
              00 00 00 
              00 00 00 



ARM Macro Assembler    Page 5 


              00 00 00 
              00 00 00 
              00 00 00 
              00 00 00 
              00 00 00 
              00 00 00 
              00 00 00 
              00 00 00 
              00 00 00 
              00 00 00 
              00 00 00 
              00 00 00 
              00 00 00 
              00 00 00 
              00 00 00 
              00 00 00 
              00 00 00 
              00 00 00 
              00 00 00 
              00 00 00 
              00 00 00 
              00 00 00 
              00 00 00 
              00 00 00 
              00 00 00 
              00 00 00 
              00 00 00 
              00 00 00 
              00 00 00 
              00 00 00 
              00 00 00 
              00 00 00 
              00 00 00 
              00 00 00 
              00 00 00 
              00 00 00 
              00 00 00 
              00 00 00 
              00 00 00 
              00 00 00 
              00 00 00 
              00 00 00 
              00 00 00 
              00 00 00 
              00 00 00 
              00 00 00 
              00 00 00 
              00 00 00 
              00 00 00 
              00 00 00 
              00 00 00 
              00 00 00 
              00 00 00 
              00 00 00 
              00 00 00 
              00 00 00 
              00 00 00 
              00 00 00 
              00 00 00 



ARM Macro Assembler    Page 6 


              00 00 00 
              00 00 00 
              00 00 00 
              00 00 00 
              00 00 00 
              00 00 00 
              00 00 00 
              00 00 00 
              00 00 00 
              00 00 00 
              00 00 00 
              00 00 00 
              00 00 00 
              00 00 00 
              00 00 00 
              00 00 00 
              00 00 00 
              00 00 00 
              00 00 00 
              00 00 00 
              00 00 00 
              00 00 00 
              00 00 00 
              00 00 00 
              00 00 00 
              00 00 00 
              00 00 00 
              00 00 00 
              00 00 00 
              00 00 00 
              00 00 00 
              00 00 00 
              00 00 00 
              00 00 00 
              00 00 00 
              00 00 00 
              00 00 00 
              00 00 00 
              00 00 00 
              00 00 00 
              00 00 00 
              00 00 00 
              00 00 00 
              00 00 00 
              00 00 00 
              00 00 00 
              00 00 00 
              00 00 00 
              00 00 00 
              00 00 00 
              00 00 00 
              00 00 00 
              00 00 00 
              00 00 00 
              00 00 00 
              00 00 00 
              00 00 00 
              00 00 00 
              00 00 00 



ARM Macro Assembler    Page 7 


              00 00 00 
              00 00 00 
              00 00 00 
              00 00 00 
              00 00 00 
              00 00 00 
              00 00 00 
              00 00 00 
              00 00 00 
              00 00 00 
              00 00 00 
              00 00 00 
              00 00 00 
              00 00 00 
              00 00 00 
              00 00 00 
              00 00 00 
              00 00 00 
              00 00 00 
              00 00 00 
              00 00 00 
              00 00 00 
              00 00 00 
              00 00 00 
              00 00 00 
              00 00 00 
              00 00 00 
              00 00 00 
              00 00 00 
              00 00 00 
              00 00 00 
              00 00 00 
              00 00 00 
              00 00 00 
              00 00 00 
              00 00 00 
              00 00 00 
              00 00 00 
              00 00 00 
              00 00 00 
              00 00 00 
              00 00 00 
              00 00 00 
              00 00 00 
              00 00 00 
              00 00 00 
              00 00 00 
              00 00 00 
              00 00 00 
              00 00 00 
              00 00 00 
              00 00 00 
              00 00 00 
              00 00 00 
              00 00 00 
              00 00 00 
              00 00 00 
              00 00 00 
              00 00 00 



ARM Macro Assembler    Page 8 


              00 00 00 
              00 00 00 
              00 00 00 
              00 00 00 
              00 00 00 
              00 00 00 
              00 00 00 
              00 00 00 
              00 00 00 
              00 00 00 
              00 00 00 
              00 00 00 
              00 00 00 
              00 00 00 
              00 00 00 
              00 00 00 
              00 00 00 
              00 00 00 
              00 00 00 
              00 00 00 
              00 00 00 
              00 00 00 
              00 00 00 
              00 00 00 
              00 00 00 
              00 00 00 
              00 00 00 
              00 00 00 
              00 00 00 
              00 00 00 
              00 00 00 
              00 00 00 
              00 00 00 
              00 00 00 
              00 00 00 
              00 00 00 
              00 00 00 
              00 00 00 
              00 00 00 
              00 00 00 
              00 00 00 
              00 00 00 
              00 00 00 
              00 00 00 
              00 00 00 
              00 00 00 
              00 00 00 
              00 00 00 
              00 00 00 
              00 00 00 
              00 00 00 
              00 00 00 
              00 00 00 
              00 00 00 
              00 00 00 
              00 00 00 
              00 00 00 
              00 00 00 
              00 00 00 



ARM Macro Assembler    Page 9 


              00 00 00 
              00 00 00 
              00 00 00 
              00 00 00 
              00 00 00 
              00 00 00 
              00 00 00 
              00 00 00 
              00 00 00 
              00 00 00 
              00 00 00 
              00 00 00 
              00 00 00 
              00 00 00 
              00 00 00 
              00 00 00 
              00 00 00 
              00 00 00 
              00 00 00 
              00 00 00 
              00 00 00 
              00 00 00 
              00 00 00 
              00 00 00 
              00 00 00 
              00 00 00 
              00 00 00 
              00 00 00 
              00 00 00 
              00 00 00 
              00 00 00 
              00 00 00 
              00 00 00 
              00 00 00 
              00 00 00 
              00 00 00 
              00 00 00 
              00 00 00 
              00 00 00 
              00 00 00 
              00 00 00 
              00 00 00 
              00 00 00 
              00 00 00 
              00 00 00 
              00 00 00 
              00 00 00 
              00 00 00 
              00 00 00 
              00 00 00 
              00 00 00 
              00 00 00 
              00 00 00 
              00 00 00 
              00 00 00 
              00 00 00 
              00 00 00 
              00 00 00 
              00 00 00 



ARM Macro Assembler    Page 10 


              00 00 00 
              00 00 00 
              00 00 00 
              00 00 00 
              00 00 00 
              00 00 00 
              00 00 00 
              00 00 00 
              00 00 00 
              00 00 00 
              00 00 00 
              00 00 00 
              00 00 00 
              00 00 00 
              00 00 00 
              00 00 00 
              00 00 00 
              00 00 00 
              00 00 00 
              00 00 00 
              00 00 00 
              00 00 00 
              00 00 00 
              00 00 00 
              00 00 00 
              00 00 00 
              00 00 00 
              00 00 00 
              00 00 00 
              00 00 00 
              00 00 00 
              00 00 00 
              00 00 00 
              00 00 00 
              00 00 00 
              00 00 00 
              00 00 00 
              00 00 00 
              00 00 00 
              00 00 00 
              00 00 00 
              00 00 00 
              00 00 00 
              00 00 00 
              00 00 00 
              00 00 00 
              00 00 00 
              00 00 00 
              00 00 00 
              00 00 00 
              00 00 00 
              00 00 00 
              00 00 00 
              00 00 00 
              00 00 00 
              00 00 00 
              00 00 00 
              00 00 00 
              00 00 00 



ARM Macro Assembler    Page 11 


              00 00 00 
              00 00 00 
              00 00 00 
              00 00 00 
              00 00 00 
              00 00 00 
              00 00 00 
              00 00 00 
              00 00 00 
              00 00 00 
              00 00 00 
              00 00 00 
              00 00 00 
              00 00 00 
              00 00 00 
              00 00 00 
              00 00 00 
              00 00 00 
              00 00 00 
              00 00 00 
              00 00 00 
              00 00 00 
              00 00 00 
              00 00 00 
              00 00 00 
              00 00 00 
              00 00 00 
              00 00 00 
              00 00 00 
              00 00 00 
              00 00 00 
              00 00 00 
              00 00 00 
              00 00 00 
              00 00 00 
              00 00 00 
              00 00 00 
              00 00 00 
              00 00 00 
              00 00 00 
              00 00 00 
              00 00 00 
              00 00 00 
              00 00 00 
              00 00 00 
              00 00 00 
              00 00 00 
              00 00 00 
              00 00 00 
              00 00 00 
              00 00 00 
              00 00 00 
              00 00 00 
              00 00 00 
              00 00 00 
              00 00 00 
              00 00 00 
              00 00 00 
              00 00 00 



ARM Macro Assembler    Page 12 


              00 00 00 
              00 00 00 
              00 00 00 
              00 00 00 
              00 00 00 
              00 00 00 
              00 00 00 
              00 00 00 
              00 00 00 
              00 00 00 
              00 00 00 
              00 00 00 
              00 00 00 
              00 00 00 
              00 00 00 
              00 00 00 
              00 00 00 
              00 00 00 
              00 00 00 
              00 00 00 
              00 00 00 
              00 00 00 
              00 00 00 
              00 00 00 
              00 00 00 
              00 00 00 
              00 00 00 
              00 00 00 
              00 00 00 
              00 00 00 
              00 00 00 
              00 00 00 
              00 00 00 
              00 00 00 
              00 00 00 
              00 00    tabla   SPACE            2048        ; reservar bloque d
                                                            e memoria
    3 00000800 00000400 
                       numfin  EQU              1024        ; numero final de l
                                                            a tabla
    4 00000800         ; espacio en el que inicia el bloque 1 (0)
    5 00000800 00000200 
                       ini2    EQU              512         ; espacio en el que
                                                             inicia el bloque 2
                                                            
    6 00000800 00000400 
                       ini3    EQU              1024        ; espacio en el que
                                                             inicia el bloque 3
                                                            
    7 00000800 00000600 
                       ini4    EQU              1536        ; espacio en el que
                                                             inicia el bloque 4
                                                            
    8 00000800         
    9 00000800                 AREA             prog,CODE,READONLY 
                                                            ; area de codigo
   10 00000000                 ENTRY                        ; primera instrucci
                                                            on a ejecutar
   11 00000000         



ARM Macro Assembler    Page 13 


   12 00000000 E59F0064        LDR              r0,=tabla   ; r0=direccion comi
                                                            enzo tabla
   13 00000004 E0211001        eor              r1,r1,r1    ; r1=0 (r1=numero d
                                                            e la lista)
   14 00000008 E1A02001        mov              r2,r1       ; r2=0 (r2=direccio
                                                            nes datos)
   15 0000000C         
   16 0000000C         
   17 0000000C E18010B2 
                       buc     strh             r1,[r0,r2]  ; Mem[r0+r2]=r1 (al
                                                            macena r1 en la mem
                                                            oria de r2+r0)
   18 00000010 E2811001        add              r1,r1,#1    ; r1=r1+1 (aumenta 
                                                            a en un numero)
   19 00000014 E2822002        add              r2,r2,#2    ; r2=r2+2 (r0 apunt
                                                            a a la siguiente me
                                                            dia palabra)
   20 00000018 E3510B01        cmp              r1,#numfin  ; compara r1 con el
                                                             numero final (1023
                                                            )
   21 0000001C 1AFFFFFA        bne              buc         ; salta a buc si r1
                                                            <>numfin
   22 00000020         
   23 00000020 E0222002        eor              r2,r2,r2    ; r2 = 0 (@inicio b
                                                            loque 1)
   24 00000024 E3A03C02        mov              r3,#ini2    ; r3 = 512 (@inicio
                                                             bloque 2)
   25 00000028 E3A04B01        mov              r4,#ini3    ; r4 = 1024 (@inici
                                                            o bloque 3)
   26 0000002C E3A05C06        mov              r5,#ini4    ; r5 = 1536 (@inici
                                                            o bloque 4)
   27 00000030         
   28 00000030 E7906002 
                       bucmov  ldr              r6,[r0,r2]  ; r6=Mem[r0+r2] (ca
                                                            rga en r6 el bloque
                                                             1)
   29 00000034 E7907003        ldr              r7,[r0,r3]  ; r7=Mem[r0+r3] (ca
                                                            rga en r7 el bloque
                                                             2)
   30 00000038 E7908004        ldr              r8,[r0,r4]  ; r8=Mem[r0+r4] (ca
                                                            rga en r8 el bloque
                                                             3)
   31 0000003C E7909005        ldr              r9,[r0,r5]  ; r9=Mem[r0+r5] (ca
                                                            rga en r9 el bloque
                                                             4)
   32 00000040 E7806005        str              r6,[r0,r5]  ; Mem[r0+r5]=r6 (ca
                                                            rga en memoria del 
                                                            bloque 4 r6)
   33 00000044 E7807002        str              r7,[r0,r2]  ; Mem[r0+r2]=r7 (ca
                                                            rga en memoria del 
                                                            bloque 1 r6)
   34 00000048 E7808003        str              r8,[r0,r3]  ; Mem[r0+r3]=r8 (ca
                                                            rga en memoria del 
                                                            bloque 2 r6)
   35 0000004C E7809004        str              r9,[r0,r4]  ; Mem[r0+r4]=r9 (ca
                                                            rga en memoria del 
                                                            bloque 3 r6)
   36 00000050 E2822004        add              r2,r2,#4    ; r2=r2+2
   37 00000054 E2833004        add              r3,r3,#4    ; r3=r3+2



ARM Macro Assembler    Page 14 


   38 00000058 E2844004        add              r4,r4,#4    ; r4=r4+2
   39 0000005C E2855004        add              r5,r5,#4    ; r5=r5+2
   40 00000060 E3520C02        cmp              r2,#ini2    ; compara r2 con el
                                                             inicio del bloque 
                                                            2
   41 00000064 1AFFFFF1        bne              bucmov      ; salta a bucmov si
                                                             r2<>ini2
   42 00000068         
   43 00000068         
   44 00000068 EAFFFFFE 
                       fin     b                fin         ; fin del programa
   45 0000006C         
   46 0000006C                 END                          ; fin ensamblador
              00000000 
Command Line: --debug --xref --diag_suppress=9931 --apcs=interwork --depend=.\o
bjects\practica2_1.d -o.\objects\practica2_1.o -IC:\Keil_v5\ARM\RV31\INC -IC:\K
eil_v5\ARM\CMSIS\Include -IC:\Keil_v5\ARM\INC\Philips --predefine="__EVAL SETA 
1" --predefine="__UVISION_VERSION SETA 526" --list=.\listings\practica2.lst pra
ctica2.s



ARM Macro Assembler    Page 1 Alphabetic symbol ordering
Relocatable symbols

datos 00000000

Symbol: datos
   Definitions
      At line 1 in file practica2.s
   Uses
      None
Comment: datos unused
tabla 00000000

Symbol: tabla
   Definitions
      At line 2 in file practica2.s
   Uses
      At line 12 in file practica2.s
Comment: tabla used once
2 symbols



ARM Macro Assembler    Page 1 Alphabetic symbol ordering
Relocatable symbols

buc 0000000C

Symbol: buc
   Definitions
      At line 17 in file practica2.s
   Uses
      At line 21 in file practica2.s
Comment: buc used once
bucmov 00000030

Symbol: bucmov
   Definitions
      At line 28 in file practica2.s
   Uses
      At line 41 in file practica2.s
Comment: bucmov used once
fin 00000068

Symbol: fin
   Definitions
      At line 44 in file practica2.s
   Uses
      At line 44 in file practica2.s
Comment: fin used once
prog 00000000

Symbol: prog
   Definitions
      At line 9 in file practica2.s
   Uses
      None
Comment: prog unused
4 symbols



ARM Macro Assembler    Page 1 Alphabetic symbol ordering
Absolute symbols

ini2 00000200

Symbol: ini2
   Definitions
      At line 5 in file practica2.s
   Uses
      At line 24 in file practica2.s
      At line 40 in file practica2.s

ini3 00000400

Symbol: ini3
   Definitions
      At line 6 in file practica2.s
   Uses
      At line 25 in file practica2.s
Comment: ini3 used once
ini4 00000600

Symbol: ini4
   Definitions
      At line 7 in file practica2.s
   Uses
      At line 26 in file practica2.s
Comment: ini4 used once
numfin 00000400

Symbol: numfin
   Definitions
      At line 3 in file practica2.s
   Uses
      At line 20 in file practica2.s
Comment: numfin used once
4 symbols
344 symbols in table
