


ARM Macro Assembler    Page 1 


    1 00000000                 AREA             datos,DATA,READWRITE 
                                                            ; area de datos
    2 00000000 00 00 00 
              00 00 00 
              00 00 00 
              00 00 00 
              00 00 00 
              00 00 00 
              00 00 00 
              00 00 00 
              00 00 00 
              00 00 00 
              00 00 00 
              00 00 00 
              00 00 00 
              00 00 00 
              00 00 00 
              00 00 00 
              00 00 00 
              00 00 00 
              00 00 00 
              00 00 00 
              00 00 00 
              00 00 00 
              00 00 00 
              00 00 00 
              00 00 00 
              00 00 00 
              00 00 00 
              00 00 00 
              00 00 00 
              00 00 00 
              00 00 00 
              00 00 00 
              00 00 00 
              00 00 00 
              00 00 00 
              00 00 00 
              00 00 00 
              00 00 00 
              00 00 00 
              00 00 00 
              00 00 00 
              00 00 00 
              00 00 00 
              00 00 00 
              00 00 00 
              00 00 00 
              00 00 00 
              00 00 00 
              00 00 00 
              00 00 00 
              00 00 00 
              00 00 00 
              00 00 00 
              00 00 00 
              00 00 00 
              00 00 00 
              00 00 00 



ARM Macro Assembler    Page 2 


              00 00 00 
              00 00 00 
              00 00 00 
              00 00 00 
              00 00 00 
              00 00 00 
              00 00 00 
              00 00 00 
              00 00 00 
              00 00 00 
              00 00 00 
              00 00 00 
              00 00 00 
              00 00 00 
              00 00 00 
              00 00 00 
              00 00 00 
              00 00 00 
              00 00 00 
              00 00 00 
              00 00 00 
              00 00 00 
              00 00 00 
              00 00 00 
              00 00 00 
              00 00 00 
              00 00 00 
              00 00 00 
              00 00 00 
              00 00 00 
              00 00 00 
              00 00 00 
              00 00 00 
              00 00 00 
              00 00 00 
              00 00 00 
              00 00 00 
              00 00 00 
              00 00 00 
              00 00 00 
              00 00 00 
              00 00 00 
              00 00 00 
              00 00 00 
              00 00 00 
              00 00 00 
              00 00 00 
              00 00 00 
              00 00 00 
              00 00 00 
              00 00 00 
              00 00 00 
              00 00 00 
              00 00 00 
              00 00 00 
              00 00 00 
              00 00 00 
              00 00 00 
              00 00 00 



ARM Macro Assembler    Page 3 


              00 00 00 
              00 00 00 
              00 00 00 
              00 00 00 
              00 00 00 
              00 00 00 
              00 00 00 
              00 00 00 
              00 00 00 
              00 00 00 
              00 00 00 
              00 00 00 
              00 00 00 
              00 00 00 
              00 00 00 
              00 00 00 
              00 00 00 
              00 00 00 
              00 00 00 
              00 00 00 
              00 00 00 
              00 00 00 
              00 00 00 
              00 00 00 
              00 00 00 
              00 00 00 
              00 00 00 
              00 00 00 
              00 00 00 
              00 00 00 
              00 00 00 
              00 00 00 
              00 00 00 
              00 00 00 
              00 00 00 
              00 00 00 
              00 00 00 
              00 00 00 
              00 00 00 
              00 00 00 
              00 00 00 
              00 00 00 
              00 00 00 
              00 00 00 
              00 00 00 
              00 00 00 
              00 00 00 
              00 00 00 
              00 00 00 
              00 00 00 
              00 00 00 
              00 00 00 
              00 00 00 
              00 00 00 
              00 00 00 
              00 00 00 
              00 00 00 
              00 00 00 
              00 00 00 



ARM Macro Assembler    Page 4 


              00 00 00 
              00 00 00 
              00 00 00 
              00 00 00 
              00 00 00 
              00 00 00 
              00 00 00 
              00 00 00 
              00 00 00 
              00 00 00 
              00 00 00 
              00 00 00 
              00 00 00 
              00 00 00 
              00 00 00 
              00 00 00 
              00 00 00 
              00 00 00 
              00 00 00 
              00 00 00 
              00 00 00 
              00 00 00 
              00 00 00 
              00 00 00 
              00 00 00 
              00 00 00 
              00 00 00 
              00 00 00 
              00 00 00 
              00 00 00 
              00 00 00 
              00 00 00 
              00 00 00 
              00 00 00 
              00 00 00 
              00 00 00 
              00 00 00 
              00 00 00 
              00 00 00 
              00 00 00 
              00 00 00 
              00 00 00 
              00 00 00 
              00 00 00 
              00 00 00 
              00 00 00 
              00 00 00 
              00 00 00 
              00 00 00 
              00 00 00 
              00 00 00 
              00 00 00 
              00 00 00 
              00 00 00 
              00 00 00 
              00 00 00 
              00 00 00 
              00 00 00 
              00 00 00 



ARM Macro Assembler    Page 5 


              00 00 00 
              00 00 00 
              00 00 00 
              00 00 00 
              00 00 00 
              00 00 00 
              00 00 00 
              00 00 00 
              00 00 00 
              00 00 00 
              00 00 00 
              00 00 00 
              00 00 00 
              00 00 00 
              00 00 00 
              00 00 00 
              00 00 00 
              00 00 00 
              00 00 00 
              00 00 00 
              00 00 00 
              00 00 00 
              00 00 00 
              00 00 00 
              00 00 00 
              00 00 00 
              00 00 00 
              00 00 00 
              00 00 00 
              00 00 00 
              00 00 00 
              00 00 00 
              00 00 00 
              00 00 00 
              00 00 00 
              00 00 00 
              00 00 00 
              00 00 00 
              00 00 00 
              00 00 00 
              00 00 00 
              00 00 00 
              00 00 00 
              00 00 00 
              00 00 00 
              00 00 00 
              00 00 00 
              00 00 00 
              00 00 00 
              00 00 00 
              00 00 00 
              00 00 00 
              00 00 00 
              00 00 00 
              00 00 00 
              00 00 00 
              00 00 00 
              00 00 00 
              00 00 00 



ARM Macro Assembler    Page 6 


              00 00 00 
              00 00 00 
              00 00 00 
              00 00 00 
              00 00 00 
              00 00 00 
              00 00 00 
              00 00 00 
              00 00 00 
              00 00 00 
              00 00 00 
              00 00 00 
              00 00 00 
              00 00 00 
              00 00 00 
              00 00 00 
              00 00 00 
              00 00 00 
              00 00 00 
              00 00 00 
              00 00 00 
              00 00 00 
              00 00 00 
              00 00 00 
              00 00 00 
              00 00 00 
              00 00 00 
              00 00 00 
              00 00 00 
              00 00 00 
              00 00 00 
              00 00 00 
              00 00 00 
              00 00 00 
              00 00 00 
              00 00 00 
              00 00 00 
              00 00 00 
              00 00 00 
              00 00 00 
              00 00 00 
              00 00 00 
              00 00 00 
              00 00 00 
              00 00 00 
              00 00 00 
              00 00 00 
              00 00 00 
              00 00 00 
              00 00 00 
              00 00 00 
              00 00 00 
              00 00 00 
              00 00 00 
              00 00 00 
              00 00 00 
              00 00 00 
              00 00 00 
              00 00 00 



ARM Macro Assembler    Page 7 


              00 00 00 
              00 00 00 
              00 00 00 
              00 00 00 
              00 00 00 
              00 00 00 
              00 00 00 
              00 00 00 
              00 00 00 
              00 00 00 
              00 00 00 
              00 00 00 
              00 00 00 
              00 00 00 
              00 00 00 
              00 00 00 
              00 00 00 
              00 00 00 
              00 00 00 
              00 00 00 
              00 00 00 
              00 00 00 
              00 00 00 
              00 00 00 
              00 00 00 
              00 00 00 
              00 00 00 
              00 00 00 
              00 00 00 
              00 00 00 
              00 00 00 
              00 00 00 
              00 00 00 
              00 00 00 
              00 00 00 
              00 00 00 
              00 00 00 
              00 00 00 
              00 00 00 
              00 00 00 
              00 00 00 
              00 00 00 
              00 00 00 
              00 00 00 
              00 00 00 
              00 00 00 
              00 00 00 
              00 00 00 
              00 00 00 
              00 00 00 
              00 00 00 
              00 00 00 
              00 00 00 
              00 00 00 
              00 00 00 
              00 00 00 
              00 00 00 
              00 00 00 
              00 00 00 



ARM Macro Assembler    Page 8 


              00 00 00 
              00 00 00 
              00 00 00 
              00 00 00 
              00 00 00 
              00 00 00 
              00 00 00 
              00 00 00 
              00 00 00 
              00 00 00 
              00 00 00 
              00 00 00 
              00 00 00 
              00 00 00 
              00 00 00 
              00 00 00 
              00 00 00 
              00 00 00 
              00 00 00 
              00 00 00 
              00 00 00 
              00 00 00 
              00 00 00 
              00 00 00 
              00 00 00 
              00 00 00 
              00 00 00 
              00 00 00 
              00 00 00 
              00 00 00 
              00 00 00 
              00 00 00 
              00 00 00 
              00 00 00 
              00 00 00 
              00 00 00 
              00 00 00 
              00 00 00 
              00 00 00 
              00 00 00 
              00 00 00 
              00 00 00 
              00 00 00 
              00 00 00 
              00 00 00 
              00 00 00 
              00 00 00 
              00 00 00 
              00 00 00 
              00 00 00 
              00 00 00 
              00 00 00 
              00 00 00 
              00 00 00 
              00 00 00 
              00 00 00 
              00 00 00 
              00 00 00 
              00 00 00 



ARM Macro Assembler    Page 9 


              00 00 00 
              00 00 00 
              00 00 00 
              00 00 00 
              00 00 00 
              00 00 00 
              00 00 00 
              00 00 00 
              00 00 00 
              00 00 00 
              00 00 00 
              00 00 00 
              00 00 00 
              00 00 00 
              00 00 00 
              00 00 00 
              00 00 00 
              00 00 00 
              00 00 00 
              00 00 00 
              00 00 00 
              00 00 00 
              00 00 00 
              00 00 00 
              00 00 00 
              00 00 00 
              00 00 00 
              00 00 00 
              00 00 00 
              00 00 00 
              00 00 00 
              00 00 00 
              00 00 00 
              00 00 00 
              00 00 00 
              00 00 00 
              00 00 00 
              00 00 00 
              00 00 00 
              00 00 00 
              00 00 00 
              00 00 00 
              00 00 00 
              00 00 00 
              00 00 00 
              00 00 00 
              00 00 00 
              00 00 00 
              00 00 00 
              00 00 00 
              00 00 00 
              00 00 00 
              00 00 00 
              00 00 00 
              00 00 00 
              00 00 00 
              00 00 00 
              00 00 00 
              00 00 00 



ARM Macro Assembler    Page 10 


              00 00 00 
              00 00 00 
              00 00 00 
              00 00 00 
              00 00 00 
              00 00 00 
              00 00 00 
              00 00 00 
              00 00 00 
              00 00 00 
              00 00 00 
              00 00 00 
              00 00 00 
              00 00 00 
              00 00 00 
              00 00 00 
              00 00 00 
              00 00 00 
              00 00 00 
              00 00 00 
              00 00 00 
              00 00 00 
              00 00 00 
              00 00 00 
              00 00 00 
              00 00 00 
              00 00 00 
              00 00 00 
              00 00 00 
              00 00 00 
              00 00 00 
              00 00 00 
              00 00 00 
              00 00 00 
              00 00 00 
              00 00 00 
              00 00 00 
              00 00 00 
              00 00 00 
              00 00 00 
              00 00 00 
              00 00 00 
              00 00 00 
              00 00 00 
              00 00 00 
              00 00 00 
              00 00 00 
              00 00 00 
              00 00 00 
              00 00 00 
              00 00 00 
              00 00 00 
              00 00 00 
              00 00 00 
              00 00 00 
              00 00 00 
              00 00 00 
              00 00 00 
              00 00 00 



ARM Macro Assembler    Page 11 


              00 00 00 
              00 00 00 
              00 00 00 
              00 00 00 
              00 00 00 
              00 00 00 
              00 00 00 
              00 00 00 
              00 00 00 
              00 00 00 
              00 00 00 
              00 00 00 
              00 00 00 
              00 00 00 
              00 00 00 
              00 00 00 
              00 00 00 
              00 00 00 
              00 00 00 
              00 00 00 
              00 00 00 
              00 00 00 
              00 00 00 
              00 00 00 
              00 00 00 
              00 00 00 
              00 00 00 
              00 00 00 
              00 00 00 
              00 00 00 
              00 00 00 
              00 00 00 
              00 00 00 
              00 00 00 
              00 00 00 
              00 00 00 
              00 00 00 
              00 00 00 
              00 00 00 
              00 00 00 
              00 00 00 
              00 00 00 
              00 00 00 
              00 00 00 
              00 00 00 
              00 00 00 
              00 00 00 
              00 00 00 
              00 00 00 
              00 00 00 
              00 00 00 
              00 00 00 
              00 00 00 
              00 00 00 
              00 00 00 
              00 00 00 
              00 00 00 
              00 00 00 
              00 00 00 



ARM Macro Assembler    Page 12 


              00 00 00 
              00 00 00 
              00 00 00 
              00 00 00 
              00 00 00 
              00 00 00 
              00 00 00 
              00 00 00 
              00 00 00 
              00 00 00 
              00 00 00 
              00 00 00 
              00 00 00 
              00 00 00 
              00 00 00 
              00 00 00 
              00 00 00 
              00 00 00 
              00 00 00 
              00 00 00 
              00 00 00 
              00 00 00 
              00 00 00 
              00 00 00 
              00 00 00 
              00 00 00 
              00 00 00 
              00 00 00 
              00 00 00 
              00 00 00 
              00 00 00 
              00 00 00 
              00 00 00 
              00 00 00 
              00 00 00 
              00 00    tabla   SPACE            2048        ; reservar bloque d
                                                            e memoria
    3 00000800         
    4 00000800 00000100 
                       numfin1 EQU              1024/4      ; numero final de l
                                                            a tabla 1
    5 00000800 00000200 
                       numfin2 EQU              1024/2      ; numero final de l
                                                            a tabla 2
    6 00000800 00000300 
                       numfin3 EQU              1024*3/4    ; numero final de l
                                                            a tabla 3
    7 00000800 00000400 
                       numfin4 EQU              1024        ; numero final de l
                                                            a tabla 3
    8 00000800         
    9 00000800                 AREA             prog,CODE,READONLY 
                                                            ; area de codigo
   10 00000000                 ENTRY                        ; primera instrucci
                                                            on a ejecutar
   11 00000000         
   12 00000000 E0200000        eor              r0,r0,r0    ; r0=0 (r0=direccio
                                                            nes datos)
   13 00000004 E3A01C01        mov              r1,#numfin1 ; r1=1024/4=iniciob



ARM Macro Assembler    Page 13 


                                                            loque2 (r1=numero d
                                                            e la lista)
   14 00000008 E59F2054        LDR              r2,=tabla   ; r2=direccion comi
                                                            enzo tabla
   15 0000000C         
   16 0000000C E18210B0 
                       buc1    strh             r1,[r2,r0]  ; Mem[r2+r0]= r1 (a
                                                            lmacena r1 en la me
                                                            moria de r2+r0)
   17 00000010 E2811001        add              r1,r1,#1    ; r1 = r1 + 1 (aume
                                                            nta a en un numero)
                                                            
   18 00000014 E2800002        add              r0,r0,#2    ; r0 = r0 + 2 (r0 a
                                                            punta a la siguient
                                                            e media palabra)
   19 00000018 E3510C02        cmp              r1,#numfin2 ; compara r1 con el
                                                             numero final 2 (10
                                                            23/2)
   20 0000001C 1AFFFFFA        bne              buc1        ; salta a buc1 si r
                                                            1<>numfin2
   21 00000020         
   22 00000020 E18210B0 
                       buc2    strh             r1,[r2,r0]  ; Mem[r2+r0]= r1 (a
                                                            lmacena r1 en la me
                                                            moria de r2+r0)
   23 00000024 E2811001        add              r1,r1,#1    ; r1 = r1 + 1 (aume
                                                            nta a en un numero)
                                                            
   24 00000028 E2800002        add              r0,r0,#2    ; r0 = r0 + 2 (r0 a
                                                            punta a la siguient
                                                            e media palabra)
   25 0000002C E3510C03        cmp              r1,#numfin3 ; compara r1 con el
                                                             numero final (1023
                                                            *3/4)
   26 00000030 1AFFFFFA        bne              buc2        ; salta a buc si r1
                                                            <>numfin3
   27 00000034         
   28 00000034 E18210B0 
                       buc3    strh             r1,[r2,r0]  ; Mem[r2+r0]= r1 (a
                                                            lmacena r1 en la me
                                                            moria de r2+r0)
   29 00000038 E2811001        add              r1,r1,#1    ; r1 = r1 + 1 (aume
                                                            nta a en un numero)
                                                            
   30 0000003C E2800002        add              r0,r0,#2    ; r0 = r0 + 2 (r0 a
                                                            punta a la siguient
                                                            e media palabra)
   31 00000040 E3510B01        cmp              r1,#numfin4 ; compara r1 con el
                                                             numero final (1023
                                                            )
   32 00000044 1AFFFFFA        bne              buc3        ; salta a buc si r1
                                                            <>numfin3
   33 00000048         
   34 00000048 E0211001        eor              r1,r1,r1    ; r1 = 0
   35 0000004C E18210B0 
                       buc4    strh             r1,[r2,r0]  ; Mem[r2+r0]= r1 (a
                                                            lmacena r1 en la me
                                                            moria de r2+r0)
   36 00000050 E2811001        add              r1,r1,#1    ; r1 = r1 + 1 (aume



ARM Macro Assembler    Page 14 


                                                            nta a en un numero)
                                                            
   37 00000054 E2800002        add              r0,r0,#2    ; r0 = r0 + 2 (r0 a
                                                            punta a la siguient
                                                            e media palabra)
   38 00000058 E3510C01        cmp              r1,#numfin1 ; compara r1 con el
                                                             numero final (1023
                                                            /4)
   39 0000005C 1AFFFFFA        bne              buc4        ; salta a buc si r1
                                                            <>numfin3
   40 00000060         
   41 00000060 EAFFFFFE 
                       fin     b                fin         ; fin del programa
   42 00000064         
   43 00000064                 END                          ; fin ensamblador
              00000000 
Command Line: --debug --xref --diag_suppress=9931 --apcs=interwork --depend=.\o
bjects\practica2b.d -o.\objects\practica2b.o -IC:\Keil_v5\ARM\RV31\INC -IC:\Kei
l_v5\ARM\CMSIS\Include -IC:\Keil_v5\ARM\INC\Philips --predefine="__EVAL SETA 1"
 --predefine="__UVISION_VERSION SETA 526" --list=.\listings\practica2b.lst prac
tica2b.s



ARM Macro Assembler    Page 1 Alphabetic symbol ordering
Relocatable symbols

datos 00000000

Symbol: datos
   Definitions
      At line 1 in file practica2b.s
   Uses
      None
Comment: datos unused
tabla 00000000

Symbol: tabla
   Definitions
      At line 2 in file practica2b.s
   Uses
      At line 14 in file practica2b.s
Comment: tabla used once
2 symbols



ARM Macro Assembler    Page 1 Alphabetic symbol ordering
Relocatable symbols

buc1 0000000C

Symbol: buc1
   Definitions
      At line 16 in file practica2b.s
   Uses
      At line 20 in file practica2b.s
Comment: buc1 used once
buc2 00000020

Symbol: buc2
   Definitions
      At line 22 in file practica2b.s
   Uses
      At line 26 in file practica2b.s
Comment: buc2 used once
buc3 00000034

Symbol: buc3
   Definitions
      At line 28 in file practica2b.s
   Uses
      At line 32 in file practica2b.s
Comment: buc3 used once
buc4 0000004C

Symbol: buc4
   Definitions
      At line 35 in file practica2b.s
   Uses
      At line 39 in file practica2b.s
Comment: buc4 used once
fin 00000060

Symbol: fin
   Definitions
      At line 41 in file practica2b.s
   Uses
      At line 41 in file practica2b.s
Comment: fin used once
prog 00000000

Symbol: prog
   Definitions
      At line 9 in file practica2b.s
   Uses
      None
Comment: prog unused
6 symbols



ARM Macro Assembler    Page 1 Alphabetic symbol ordering
Absolute symbols

numfin1 00000100

Symbol: numfin1
   Definitions
      At line 4 in file practica2b.s
   Uses
      At line 13 in file practica2b.s
      At line 38 in file practica2b.s

numfin2 00000200

Symbol: numfin2
   Definitions
      At line 5 in file practica2b.s
   Uses
      At line 19 in file practica2b.s
Comment: numfin2 used once
numfin3 00000300

Symbol: numfin3
   Definitions
      At line 6 in file practica2b.s
   Uses
      At line 25 in file practica2b.s
Comment: numfin3 used once
numfin4 00000400

Symbol: numfin4
   Definitions
      At line 7 in file practica2b.s
   Uses
      At line 31 in file practica2b.s
Comment: numfin4 used once
4 symbols
346 symbols in table
