Component: ARM Compiler 5.06 update 6 (build 750) Tool: armlink [4d35ed]

==============================================================================

Section Cross References

    practica4_1.o(prog) refers to practica4_1.o(datos) for T


==============================================================================

Image Symbol Table

    Local Symbols

    Symbol Name                              Value     Ov Type        Size  Object(Section)

    practica4_1.s                            0x00000000   Number         0  practica4_1.o ABSOLUTE
    prog                                     0x40000000   Section      296  practica4_1.o(prog)
    datos                                    0x40000128   Section       45  practica4_1.o(datos)
    T                                        0x40000128   Data          40  practica4_1.o(datos)

    Global Symbols

    Symbol Name                              Value     Ov Type        Size  Object(Section)

    BuildAttributes$$THM_ISAv1$ARM_ISAv4$S$PE$A:L22$X:L11$S22$IEEE1$IW$USESV6$~STKCKD$USESV7$~SHL$OSPACE$EBA8$STANDARDLIB$EABIv2 0x00000000   Number         0  anon$$obj.o ABSOLUTE



==============================================================================

Memory Map of the image

  Image Entry point : 0x40000000

  Load Region LR_IRAM1 (Base: 0x40000000, Size: 0x00000158, Max: 0x00008000, ABSOLUTE)

    Execution Region ER_IRAM1 (Exec base: 0x40000000, Load base: 0x40000000, Size: 0x00000158, Max: 0xffffffff, ABSOLUTE)

    Exec Addr    Load Addr    Size         Type   Attr      Idx    E Section Name        Object

    0x40000000   0x40000000   0x00000128   Code   RO            2  * prog                practica4_1.o
    0x40000128   0x40000128   0x0000002d   Data   RW            1    datos               practica4_1.o


==============================================================================

Image component sizes


      Code (inc. data)   RO Data    RW Data    ZI Data      Debug   Object Name

       296          4          0         45          0        356   practica4_1.o

    ----------------------------------------------------------------------
       296          4          0         48          0        356   Object Totals
         0          0          0          0          0          0   (incl. Generated)
         0          0          0          3          0          0   (incl. Padding)

    ----------------------------------------------------------------------
         0          0          0          0          0          0   Library Totals
         0          0          0          0          0          0   (incl. Padding)

    ----------------------------------------------------------------------

==============================================================================


      Code (inc. data)   RO Data    RW Data    ZI Data      Debug   

       296          4          0         48          0        356   Grand Totals
       296          4          0         48          0        356   ELF Image Totals
       296          4          0         48          0          0   ROM Totals

==============================================================================

    Total RO  Size (Code + RO Data)                  296 (   0.29kB)
    Total RW  Size (RW Data + ZI Data)                48 (   0.05kB)
    Total ROM Size (Code + RO Data + RW Data)        344 (   0.34kB)

==============================================================================

